Component: ARM Compiler 6.9 Tool: armlink [5ced1b00]

==============================================================================

Section Cross References

    startup_stm32g031xx.o(RESET) refers to startup_stm32g031xx.o(STACK) for __initial_sp
    startup_stm32g031xx.o(RESET) refers to startup_stm32g031xx.o(.text) for Reset_Handler
    startup_stm32g031xx.o(RESET) refers to stm32g0xx_it.o(.text.NMI_Handler) for NMI_Handler
    startup_stm32g031xx.o(RESET) refers to stm32g0xx_it.o(.text.HardFault_Handler) for HardFault_Handler
    startup_stm32g031xx.o(RESET) refers to stm32g0xx_it.o(.text.SVC_Handler) for SVC_Handler
    startup_stm32g031xx.o(RESET) refers to stm32g0xx_it.o(.text.PendSV_Handler) for PendSV_Handler
    startup_stm32g031xx.o(RESET) refers to stm32g0xx_it.o(.text.SysTick_Handler) for SysTick_Handler
    startup_stm32g031xx.o(RESET) refers to stm32g0xx_it.o(.text.RTC_TAMP_IRQHandler) for RTC_TAMP_IRQHandler
    startup_stm32g031xx.o(RESET) refers to i2c_ex.o(.text.I2C1_IRQHandler) for I2C1_IRQHandler
    startup_stm32g031xx.o(.text) refers to system_stm32g0xx.o(.text.SystemInit) for SystemInit
    startup_stm32g031xx.o(.text) refers to entry.o(.ARM.Collect$$$$00000000) for __main
    main.o(.ARM.exidx.text.IAP_Set) refers to main.o(.text.IAP_Set) for [Anonymous Symbol]
    main.o(.text.i2c_port_set_to_input) refers to stm32g0xx_hal_gpio.o(.text.HAL_GPIO_WritePin) for HAL_GPIO_WritePin
    main.o(.text.i2c_port_set_to_input) refers to stm32g0xx_hal_gpio.o(.text.HAL_GPIO_Init) for HAL_GPIO_Init
    main.o(.ARM.exidx.text.i2c_port_set_to_input) refers to main.o(.text.i2c_port_set_to_input) for [Anonymous Symbol]
    main.o(.text.init_flash_data) refers to flash.o(.text.readPackedMessageFromFlash) for readPackedMessageFromFlash
    main.o(.text.init_flash_data) refers to flash.o(.text.writeMessageToFlash) for writeMessageToFlash
    main.o(.text.init_flash_data) refers to main.o(.bss.flash_data) for flash_data
    main.o(.text.init_flash_data) refers to main.o(.bss.cycle_status) for cycle_status
    main.o(.text.init_flash_data) refers to main.o(.bss.my_rtc_data) for my_rtc_data
    main.o(.text.init_flash_data) refers to main.o(.data.wake_trigger) for wake_trigger
    main.o(.text.init_flash_data) refers to main.o(.bss.i2c_address) for i2c_address
    main.o(.text.init_flash_data) refers to main.o(.data.sleep_trigger) for sleep_trigger
    main.o(.text.init_flash_data) refers to u8g2_disp_fun.o(.bss.work_order) for work_order
    main.o(.text.init_flash_data) refers to u8g2_disp_fun.o(.bss.oled_on_mode) for oled_on_mode
    main.o(.text.init_flash_data) refers to main.o(.data.led_status) for led_status
    main.o(.text.init_flash_data) refers to main.o(.bss.iap_switch) for iap_switch
    main.o(.ARM.exidx.text.init_flash_data) refers to main.o(.text.init_flash_data) for [Anonymous Symbol]
    main.o(.text.flash_data_write_back) refers to flash.o(.text.readPackedMessageFromFlash) for readPackedMessageFromFlash
    main.o(.text.flash_data_write_back) refers to flash.o(.text.writeMessageToFlash) for writeMessageToFlash
    main.o(.text.flash_data_write_back) refers to main.o(.bss.flash_data) for flash_data
    main.o(.text.flash_data_write_back) refers to main.o(.bss.i2c_address) for i2c_address
    main.o(.text.flash_data_write_back) refers to main.o(.bss.cycle_status) for cycle_status
    main.o(.text.flash_data_write_back) refers to main.o(.bss.my_rtc_data) for my_rtc_data
    main.o(.text.flash_data_write_back) refers to main.o(.data.wake_trigger) for wake_trigger
    main.o(.text.flash_data_write_back) refers to main.o(.data.sleep_trigger) for sleep_trigger
    main.o(.text.flash_data_write_back) refers to u8g2_disp_fun.o(.bss.work_order) for work_order
    main.o(.text.flash_data_write_back) refers to u8g2_disp_fun.o(.bss.oled_on_mode) for oled_on_mode
    main.o(.text.flash_data_write_back) refers to main.o(.data.led_status) for led_status
    main.o(.text.flash_data_write_back) refers to main.o(.bss.iap_switch) for iap_switch
    main.o(.ARM.exidx.text.flash_data_write_back) refers to main.o(.text.flash_data_write_back) for [Anonymous Symbol]
    main.o(.ARM.exidx.text.clear_pwr_flag) refers to main.o(.text.clear_pwr_flag) for [Anonymous Symbol]
    main.o(.text.lowPassFilter) refers to fmul.o(.text) for __aeabi_fmul
    main.o(.text.lowPassFilter) refers to fadd.o(.text) for __aeabi_fsub
    main.o(.text.lowPassFilter) refers to main.o(.data.alpha) for alpha
    main.o(.text.lowPassFilter) refers to main.o(.bss.prevFilteredValue_igrove) for prevFilteredValue_igrove
    main.o(.text.lowPassFilter) refers to main.o(.bss.prevFilteredValue_ibat) for prevFilteredValue_ibat
    main.o(.text.lowPassFilter) refers to main.o(.bss.prevFilteredValue_iin) for prevFilteredValue_iin
    main.o(.text.lowPassFilter) refers to main.o(.bss.prevFilteredValue_vgrove) for prevFilteredValue_vgrove
    main.o(.text.lowPassFilter) refers to main.o(.bss.prevFilteredValue_vbat) for prevFilteredValue_vbat
[...]
    [Anonymous Symbol]                       0x080090dc   Section        0  u8x8_8x8.o(.text.u8x8_utf8_init)
    [Anonymous Symbol]                       0x080090e4   Section        0  i2c.o(.text.user_i2c_init)
    __arm_cp.9_0                             0x080091b0   Number         4  i2c.o(.text.user_i2c_init)
    __arm_cp.9_1                             0x080091b4   Number         4  i2c.o(.text.user_i2c_init)
    __arm_cp.9_2                             0x080091b8   Number         4  i2c.o(.text.user_i2c_init)
    __arm_cp.9_3                             0x080091bc   Number         4  i2c.o(.text.user_i2c_init)
    __arm_cp.9_4                             0x080091c0   Number         4  i2c.o(.text.user_i2c_init)
    __arm_cp.9_5                             0x080091c4   Number         4  i2c.o(.text.user_i2c_init)
    __arm_cp.9_6                             0x080091c8   Number         4  i2c.o(.text.user_i2c_init)
    __arm_cp.9_7                             0x080091cc   Number         4  i2c.o(.text.user_i2c_init)
    [Anonymous Symbol]                       0x080091d0   Section        0  flash.o(.text.writeMessageToFlash)
    __arm_cp.4_0                             0x08009280   Number         4  flash.o(.text.writeMessageToFlash)
    __arm_cp.4_1                             0x08009284   Number         4  flash.o(.text.writeMessageToFlash)
    i.__0snprintf                            0x08009288   Section        0  printfa.o(i.__0snprintf)
    i.__ARM_clz                              0x080092bc   Section        0  depilogue.o(i.__ARM_clz)
    i.__scatterload_copy                     0x080092ea   Section       14  handlers.o(i.__scatterload_copy)
    i.__scatterload_null                     0x080092f8   Section        2  handlers.o(i.__scatterload_null)
    i.__scatterload_zeroinit                 0x080092fa   Section       14  handlers.o(i.__scatterload_zeroinit)
    i._fp_digits                             0x08009308   Section        0  printfa.o(i._fp_digits)
    _fp_digits                               0x08009309   Thumb Code   344  printfa.o(i._fp_digits)
    i._printf_core                           0x0800947c   Section        0  printfa.o(i._printf_core)
    _printf_core                             0x0800947d   Thumb Code  1754  printfa.o(i._printf_core)
    i._printf_post_padding                   0x08009b68   Section        0  printfa.o(i._printf_post_padding)
    _printf_post_padding                     0x08009b69   Thumb Code    32  printfa.o(i._printf_post_padding)
    i._printf_pre_padding                    0x08009b88   Section        0  printfa.o(i._printf_pre_padding)
    _printf_pre_padding                      0x08009b89   Thumb Code    44  printfa.o(i._printf_pre_padding)
    i._snputc                                0x08009bb4   Section        0  printfa.o(i._snputc)
    _snputc                                  0x08009bb5   Thumb Code    22  printfa.o(i._snputc)
    [Anonymous Symbol]                       0x08009bd6   Section        0  u8g2_disp_fun.o(.rodata.str1.1)
    .L.str.9                                 0x08009bd6   Data           2  u8g2_disp_fun.o(.rodata.str1.1)
    .L.str.7                                 0x08009bd8   Data           2  u8g2_disp_fun.o(.rodata.str1.1)
    .L.str.5                                 0x08009bda   Data           2  u8g2_disp_fun.o(.rodata.str1.1)
    .L.str.4                                 0x08009bdc   Data           6  u8g2_disp_fun.o(.rodata.str1.1)
    .L.str.11                                0x08009be2   Data           4  u8g2_disp_fun.o(.rodata.str1.1)
    .L.str.6                                 0x08009be6   Data           3  u8g2_disp_fun.o(.rodata.str1.1)
    .L.str.38                                0x08009be9   Data           5  u8g2_disp_fun.o(.rodata.str1.1)
    .L.str.3                                 0x08009bee   Data           6  u8g2_disp_fun.o(.rodata.str1.1)
    .L.str.10                                0x08009bf4   Data           5  u8g2_disp_fun.o(.rodata.str1.1)
    .L.str.8                                 0x08009bf9   Data           5  u8g2_disp_fun.o(.rodata.str1.1)
    .L.str.37                                0x08009bfe   Data           5  u8g2_disp_fun.o(.rodata.str1.1)
    .L.str.29                                0x08009c03   Data           8  u8g2_disp_fun.o(.rodata.str1.1)
    .L.str.27                                0x08009c0b   Data           6  u8g2_disp_fun.o(.rodata.str1.1)
    .L.str.28                                0x08009c11   Data          11  u8g2_disp_fun.o(.rodata.str1.1)
    .L.str.36                                0x08009c1c   Data           5  u8g2_disp_fun.o(.rodata.str1.1)
    .L.str.20                                0x08009c21   Data           7  u8g2_disp_fun.o(.rodata.str1.1)
    .L.str.23                                0x08009c28   Data           7  u8g2_disp_fun.o(.rodata.str1.1)
    [Anonymous Symbol]                       0x0800cfe4   Section        0  u8x8_d_ssd1306_64x48.o(.rodata.u8x8_d_ssd1306_64x48_er_init_seq)
    u8x8_d_ssd1306_64x48_er_init_seq         0x0800cfe4   Data          53  u8x8_d_ssd1306_64x48.o(.rodata.u8x8_d_ssd1306_64x48_er_init_seq)
    [Anonymous Symbol]                       0x0800d019   Section        0  u8x8_d_ssd1306_64x48.o(.rodata.u8x8_d_ssd1306_64x48_flip0_seq)
    u8x8_d_ssd1306_64x48_flip0_seq           0x0800d019   Data           7  u8x8_d_ssd1306_64x48.o(.rodata.u8x8_d_ssd1306_64x48_flip0_seq)
    [Anonymous Symbol]                       0x0800d020   Section        0  u8x8_d_ssd1306_64x48.o(.rodata.u8x8_d_ssd1306_64x48_flip1_seq)
    u8x8_d_ssd1306_64x48_flip1_seq           0x0800d020   Data           7  u8x8_d_ssd1306_64x48.o(.rodata.u8x8_d_ssd1306_64x48_flip1_seq)
    [Anonymous Symbol]                       0x0800d027   Section        0  u8x8_d_ssd1306_64x48.o(.rodata.u8x8_d_ssd1306_64x48_powersave0_seq)
    u8x8_d_ssd1306_64x48_powersave0_seq      0x0800d027   Data           5  u8x8_d_ssd1306_64x48.o(.rodata.u8x8_d_ssd1306_64x48_powersave0_seq)
    [Anonymous Symbol]                       0x0800d02c   Section        0  u8x8_d_ssd1306_64x48.o(.rodata.u8x8_d_ssd1306_64x48_powersave1_seq)
    u8x8_d_ssd1306_64x48_powersave1_seq      0x0800d02c   Data           5  u8x8_d_ssd1306_64x48.o(.rodata.u8x8_d_ssd1306_64x48_powersave1_seq)
    [Anonymous Symbol]                       0x0800d034   Section        0  u8x8_d_ssd1306_64x48.o(.rodata.u8x8_ssd1306_64x48_display_info)
    u8x8_ssd1306_64x48_display_info          0x0800d034   Data          24  u8x8_d_ssd1306_64x48.o(.rodata.u8x8_ssd1306_64x48_display_info)
    [Anonymous Symbol]                       0x200004a1   Section        0  button.o(.bss.button_update.is_a_long_pressing)
    button_update.is_a_long_pressing         0x200004a1   Data           1  button.o(.bss.button_update.is_a_long_pressing)
    [Anonymous Symbol]                       0x200004a2   Section        0  button.o(.bss.button_update.is_b_long_pressing)
    button_update.is_b_long_pressing         0x200004a2   Data           1  button.o(.bss.button_update.is_b_long_pressing)
    [Anonymous Symbol]                       0x200008b0   Section        0  u8g2_disp_fun.o(.bss.u8g2_disp_main.ab_button_delay)
    u8g2_disp_main.ab_button_delay           0x200008b0   Data           4  u8g2_disp_fun.o(.bss.u8g2_disp_main.ab_button_delay)
    [Anonymous Symbol]                       0x200008b4   Section        0  u8g2_disp_fun.o(.bss.u8g2_disp_main.button_delay)
    u8g2_disp_main.button_delay              0x200008b4   Data           4  u8g2_disp_fun.o(.bss.u8g2_disp_main.button_delay)
    [Anonymous Symbol]                       0x200008b8   Section        0  u8g2_disp_fun.o(.bss.u8g2_disp_main.display_delay)
    u8g2_disp_main.display_delay             0x200008b8   Data           4  u8g2_disp_fun.o(.bss.u8g2_disp_main.display_delay)
    [Anonymous Symbol]                       0x200008bc   Section        0  u8g2_disp_fun.o(.bss.u8g2_disp_main.display_flash_flag)
    u8g2_disp_main.display_flash_flag        0x200008bc   Data           1  u8g2_disp_fun.o(.bss.u8g2_disp_main.display_flash_flag)
    [Anonymous Symbol]                       0x200008bd   Section        0  u8g2_disp_fun.o(.bss.u8g2_disp_main.excute_flag)
    u8g2_disp_main.excute_flag               0x200008bd   Data           1  u8g2_disp_fun.o(.bss.u8g2_disp_main.excute_flag)
    [Anonymous Symbol]                       0x200008be   Section        0  u8g2_disp_fun.o(.bss.u8g2_disp_main.is_ab_press_init)
    u8g2_disp_main.is_ab_press_init          0x200008be   Data           1  u8g2_disp_fun.o(.bss.u8g2_disp_main.is_ab_press_init)
    [Anonymous Symbol]                       0x200008bf   Section        0  u8g2_disp_fun.o(.bss.u8g2_disp_main.is_press_init)
    u8g2_disp_main.is_press_init             0x200008bf   Data           1  u8g2_disp_fun.o(.bss.u8g2_disp_main.is_press_init)
    [Anonymous Symbol]                       0x200008c0   Section        0  u8g2_disp_fun.o(.bss.u8g2_disp_main.status_flash_counter)
    u8g2_disp_main.status_flash_counter      0x200008c0   Data           4  u8g2_disp_fun.o(.bss.u8g2_disp_main.status_flash_counter)
    [Anonymous Symbol]                       0x200008c4   Section        0  u8g2_disp_fun.o(.bss.u8g2_disp_main.status_flash_flag)
    u8g2_disp_main.status_flash_flag         0x200008c4   Data           1  u8g2_disp_fun.o(.bss.u8g2_disp_main.status_flash_flag)
    [Anonymous Symbol]                       0x200008c5   Section        0  u8g2_disp_fun.o(.bss.u8g2_disp_menu_0_0.setting_index)
    u8g2_disp_menu_0_0.setting_index         0x200008c5   Data           1  u8g2_disp_fun.o(.bss.u8g2_disp_menu_0_0.setting_index)
    [Anonymous Symbol]                       0x200008c8   Section        0  u8g2_disp_fun.o(.bss.u8g2_disp_menu_1_1.button_delay)
    u8g2_disp_menu_1_1.button_delay          0x200008c8   Data           4  u8g2_disp_fun.o(.bss.u8g2_disp_menu_1_1.button_delay)
    [Anonymous Symbol]                       0x200008cc   Section        0  u8g2_disp_fun.o(.bss.u8g2_disp_menu_1_1.display_delay)
    u8g2_disp_menu_1_1.display_delay         0x200008cc   Data           4  u8g2_disp_fun.o(.bss.u8g2_disp_menu_1_1.display_delay)
    [Anonymous Symbol]                       0x200008d0   Section        0  u8g2_disp_fun.o(.bss.u8g2_disp_menu_1_1.display_flash_flag)
    u8g2_disp_menu_1_1.display_flash_flag    0x200008d0   Data           1  u8g2_disp_fun.o(.bss.u8g2_disp_menu_1_1.display_flash_flag)
    [Anonymous Symbol]                       0x200008d1   Section        0  u8g2_disp_fun.o(.bss.u8g2_disp_menu_1_1.is_press_init)
    u8g2_disp_menu_1_1.is_press_init         0x200008d1   Data           1  u8g2_disp_fun.o(.bss.u8g2_disp_menu_1_1.is_press_init)
    [Anonymous Symbol]                       0x200008d2   Section        0  u8g2_disp_fun.o(.bss.u8g2_disp_menu_1_1.opt_index)
    u8g2_disp_menu_1_1.opt_index             0x200008d2   Data           1  u8g2_disp_fun.o(.bss.u8g2_disp_menu_1_1.opt_index)
    [Anonymous Symbol]                       0x200008d4   Section        0  u8g2_disp_fun.o(.bss.u8g2_disp_menu_1_4.display_delay)
    u8g2_disp_menu_1_4.display_delay         0x200008d4   Data           4  u8g2_disp_fun.o(.bss.u8g2_disp_menu_1_4.display_delay)
    [Anonymous Symbol]                       0x200008d8   Section        0  u8g2_disp_fun.o(.bss.u8g2_disp_menu_1_4.display_flash_flag)
    u8g2_disp_menu_1_4.display_flash_flag    0x200008d8   Data           1  u8g2_disp_fun.o(.bss.u8g2_disp_menu_1_4.display_flash_flag)
    [Anonymous Symbol]                       0x200008d9   Section        0  u8g2_disp_fun.o(.bss.u8g2_disp_menu_1_4.opt_index)
    u8g2_disp_menu_1_4.opt_index             0x200008d9   Data           1  u8g2_disp_fun.o(.bss.u8g2_disp_menu_1_4.opt_index)
    [Anonymous Symbol]                       0x200008da   Section        0  u8g2_d_memory.o(.bss.u8g2_m_8_6_f.buf)
    u8g2_m_8_6_f.buf                         0x200008da   Data         384  u8g2_d_memory.o(.bss.u8g2_m_8_6_f.buf)
    STACK                                    0x20000a68   Section     1024  startup_stm32g031xx.o(STACK)

    Global Symbols

    Symbol Name                              Value     Ov Type        Size  Object(Section)

    BuildAttributes$$THM_ISAv3M$S$PE$A:L22$X:L11$S22$IEEE1$IW$~IW$USESV6$~STKCKD$USESV7$~SHL$OTIME$ROPI$EBA8$MICROLIB$REQ8$PRES8$EABIv2 0x00000000   Number         0  anon$$obj.o ABSOLUTE
    _printf_a                                0x00000000   Number         0  stubs.o ABSOLUTE
    _printf_c                                0x00000000   Number         0  stubs.o ABSOLUTE
    _printf_charcount                        0x00000000   Number         0  stubs.o ABSOLUTE
    _printf_d                                0x00000000   Number         0  stubs.o ABSOLUTE
    _printf_e                                0x00000000   Number         0  stubs.o ABSOLUTE
    _printf_f                                0x00000000   Number         0  stubs.o ABSOLUTE
    _printf_flags                            0x00000000   Number         0  stubs.o ABSOLUTE
    _printf_fp_dec                           0x00000000   Number         0  stubs.o ABSOLUTE
    _printf_fp_hex                           0x00000000   Number         0  stubs.o ABSOLUTE
    _printf_g                                0x00000000   Number         0  stubs.o ABSOLUTE
    _printf_i                                0x00000000   Number         0  stubs.o ABSOLUTE
    _printf_int_dec                          0x00000000   Number         0  stubs.o ABSOLUTE
    _printf_l                                0x00000000   Number         0  stubs.o ABSOLUTE
    _printf_lc                               0x00000000   Number         0  stubs.o ABSOLUTE
    _printf_ll                               0x00000000   Number         0  stubs.o ABSOLUTE
    _printf_lld                              0x00000000   Number         0  stubs.o ABSOLUTE
    _printf_lli                              0x00000000   Number         0  stubs.o ABSOLUTE
    _printf_llo                              0x00000000   Number         0  stubs.o ABSOLUTE
    _printf_llu                              0x00000000   Number         0  stubs.o ABSOLUTE
    _printf_llx                              0x00000000   Number         0  stubs.o ABSOLUTE
    _printf_longlong_dec                     0x00000000   Number         0  stubs.o ABSOLUTE
    _printf_longlong_hex                     0x00000000   Number         0  stubs.o ABSOLUTE
    _printf_longlong_oct                     0x00000000   Number         0  stubs.o ABSOLUTE
    _printf_ls                               0x00000000   Number         0  stubs.o ABSOLUTE
    _printf_mbtowc                           0x00000000   Number         0  stubs.o ABSOLUTE
    _printf_n                                0x00000000   Number         0  stubs.o ABSOLUTE
    _printf_o                                0x00000000   Number         0  stubs.o ABSOLUTE
    _printf_p                                0x00000000   Number         0  stubs.o ABSOLUTE
    _printf_percent                          0x00000000   Number         0  stubs.o ABSOLUTE
    _printf_pre_padding                      0x00000000   Number         0  stubs.o ABSOLUTE
    _printf_return_value                     0x00000000   Number         0  stubs.o ABSOLUTE
    _printf_s                                0x00000000   Number         0  stubs.o ABSOLUTE
    _printf_sizespec                         0x00000000   Number         0  stubs.o ABSOLUTE
    _printf_str                              0x00000000   Number         0  stubs.o ABSOLUTE
    _printf_truncate_signed                  0x00000000   Number         0  stubs.o ABSOLUTE
    _printf_truncate_unsigned                0x00000000   Number         0  stubs.o ABSOLUTE
    _printf_u                                0x00000000   Number         0  stubs.o ABSOLUTE
    _printf_wc                               0x00000000   Number         0  stubs.o ABSOLUTE
    _printf_wctomb                           0x00000000   Number         0  stubs.o ABSOLUTE
    _printf_widthprec                        0x00000000   Number         0  stubs.o ABSOLUTE
    _printf_x                                0x00000000   Number         0  stubs.o ABSOLUTE
    __cpp_initialize__aeabi_                  - Undefined Weak Reference
    __cxa_finalize                            - Undefined Weak Reference
    _clock_init                               - Undefined Weak Reference
    _microlib_exit                            - Undefined Weak Reference
    __Vectors_Size                           0x000000c0   Number         0  startup_stm32g031xx.o ABSOLUTE
    __Vectors                                0x08001800   Data           4  startup_stm32g031xx.o(RESET)
    __Vectors_End                            0x080018c0   Data           0  startup_stm32g031xx.o(RESET)
    __main                                   0x080018c1   Thumb Code     0  entry.o(.ARM.Collect$$$$00000000)
    _main_stk                                0x080018c1   Thumb Code     0  entry2.o(.ARM.Collect$$$$00000001)
    _main_scatterload                        0x080018c5   Thumb Code     0  entry5.o(.ARM.Collect$$$$00000004)
    __main_after_scatterload                 0x080018c9   Thumb Code     0  entry5.o(.ARM.Collect$$$$00000004)
    _main_clock                              0x080018c9   Thumb Code     0  entry7b.o(.ARM.Collect$$$$00000008)
    _main_cpp_init                           0x080018c9   Thumb Code     0  entry8b.o(.ARM.Collect$$$$0000000A)
    _main_init                               0x080018c9   Thumb Code     0  entry9a.o(.ARM.Collect$$$$0000000B)
    __rt_final_cpp                           0x080018d1   Thumb Code     0  entry10a.o(.ARM.Collect$$$$0000000D)
    __rt_final_exit                          0x080018d1   Thumb Code     0  entry11a.o(.ARM.Collect$$$$0000000F)
    Reset_Handler                            0x080018d5   Thumb Code     8  startup_stm32g031xx.o(.text)
    ADC1_IRQHandler                          0x080018e7   Thumb Code     0  startup_stm32g031xx.o(.text)
    DMA1_Ch4_5_DMAMUX1_OVR_IRQHandler        0x080018e7   Thumb Code     0  startup_stm32g031xx.o(.text)
    DMA1_Channel1_IRQHandler                 0x080018e7   Thumb Code     0  startup_stm32g031xx.o(.text)
    DMA1_Channel2_3_IRQHandler               0x080018e7   Thumb Code     0  startup_stm32g031xx.o(.text)
    EXTI0_1_IRQHandler                       0x080018e7   Thumb Code     0  startup_stm32g031xx.o(.text)
    EXTI2_3_IRQHandler                       0x080018e7   Thumb Code     0  startup_stm32g031xx.o(.text)
    EXTI4_15_IRQHandler                      0x080018e7   Thumb Code     0  startup_stm32g031xx.o(.text)
    FLASH_IRQHandler                         0x080018e7   Thumb Code     0  startup_stm32g031xx.o(.text)
    I2C2_IRQHandler                          0x080018e7   Thumb Code     0  startup_stm32g031xx.o(.text)
    LPTIM1_IRQHandler                        0x080018e7   Thumb Code     0  startup_stm32g031xx.o(.text)
    LPTIM2_IRQHandler                        0x080018e7   Thumb Code     0  startup_stm32g031xx.o(.text)
    LPUART1_IRQHandler                       0x080018e7   Thumb Code     0  startup_stm32g031xx.o(.text)
    PVD_IRQHandler                           0x080018e7   Thumb Code     0  startup_stm32g031xx.o(.text)
    RCC_IRQHandler                           0x080018e7   Thumb Code     0  startup_stm32g031xx.o(.text)
    SPI1_IRQHandler                          0x080018e7   Thumb Code     0  startup_stm32g031xx.o(.text)
    SPI2_IRQHandler                          0x080018e7   Thumb Code     0  startup_stm32g031xx.o(.text)
    TIM14_IRQHandler                         0x080018e7   Thumb Code     0  startup_stm32g031xx.o(.text)
    TIM16_IRQHandler                         0x080018e7   Thumb Code     0  startup_stm32g031xx.o(.text)
    TIM17_IRQHandler                         0x080018e7   Thumb Code     0  startup_stm32g031xx.o(.text)
    TIM1_BRK_UP_TRG_COM_IRQHandler           0x080018e7   Thumb Code     0  startup_stm32g031xx.o(.text)
    TIM1_CC_IRQHandler                       0x080018e7   Thumb Code     0  startup_stm32g031xx.o(.text)
    TIM2_IRQHandler                          0x080018e7   Thumb Code     0  startup_stm32g031xx.o(.text)
    TIM3_IRQHandler                          0x080018e7   Thumb Code     0  startup_stm32g031xx.o(.text)
    USART1_IRQHandler                        0x080018e7   Thumb Code     0  startup_stm32g031xx.o(.text)
    USART2_IRQHandler                        0x080018e7   Thumb Code     0  startup_stm32g031xx.o(.text)
    WWDG_IRQHandler                          0x080018e7   Thumb Code     0  startup_stm32g031xx.o(.text)
    __aeabi_uidiv                            0x080018f1   Thumb Code     0  uidiv.o(.text)
    __aeabi_uidivmod                         0x080018f1   Thumb Code    44  uidiv.o(.text)
    __aeabi_idiv                             0x0800191d   Thumb Code     0  idiv.o(.text)
    __aeabi_idivmod                          0x0800191d   Thumb Code    40  idiv.o(.text)
    __aeabi_memcpy                           0x08001945   Thumb Code    36  memcpya.o(.text)
    __aeabi_memcpy4                          0x08001945   Thumb Code     0  memcpya.o(.text)
    __aeabi_memcpy8                          0x08001945   Thumb Code     0  memcpya.o(.text)
    __aeabi_memset                           0x08001969   Thumb Code    14  memseta.o(.text)
    __aeabi_memset4                          0x08001969   Thumb Code     0  memseta.o(.text)
    __aeabi_memset8                          0x08001969   Thumb Code     0  memseta.o(.text)
    __aeabi_memclr                           0x08001977   Thumb Code     4  memseta.o(.text)
    __aeabi_memclr4                          0x08001977   Thumb Code     0  memseta.o(.text)
    __aeabi_memclr8                          0x08001977   Thumb Code     0  memseta.o(.text)
    _memset$wrapper                          0x0800197b   Thumb Code    18  memseta.o(.text)
    __aeabi_fmul                             0x0800198d   Thumb Code   122  fmul.o(.text)
    __aeabi_fdiv                             0x08001a07   Thumb Code   124  fdiv.o(.text)
    __aeabi_dmul                             0x08001a85   Thumb Code   202  dmul.o(.text)
    __aeabi_i2d                              0x08001b55   Thumb Code    34  dflti.o(.text)
    __aeabi_f2iz                             0x08001b7d   Thumb Code    50  ffixi.o(.text)
    __aeabi_f2d                              0x08001baf   Thumb Code    40  f2d.o(.text)
    __aeabi_d2f                              0x08001bd7   Thumb Code    56  d2f.o(.text)
    __aeabi_uldivmod                         0x08001c0f   Thumb Code    96  uldiv.o(.text)
    __I$use$fp                               0x08001c6f   Thumb Code     0  iusefp.o(.text)
    _float_round                             0x08001c6f   Thumb Code    16  fepilogue.o(.text)
    _float_epilogue                          0x08001c7f   Thumb Code   114  fepilogue.o(.text)
    _double_round                            0x08001cf1   Thumb Code    26  depilogue.o(.text)
    _double_epilogue                         0x08001d0b   Thumb Code   164  depilogue.o(.text)
    __aeabi_dadd                             0x08001db1   Thumb Code   328  dadd.o(.text)
    __aeabi_dsub                             0x08001ef9   Thumb Code    12  dadd.o(.text)
    __aeabi_drsub                            0x08001f05   Thumb Code    12  dadd.o(.text)
    __aeabi_ddiv                             0x08001f15   Thumb Code   234  ddiv.o(.text)
    __aeabi_d2ulz                            0x08002005   Thumb Code    54  dfixul.o(.text)
    __aeabi_cdrcmple                         0x08002045   Thumb Code    38  cdrcmple.o(.text)
    __scatterload                            0x0800206d   Thumb Code    28  init.o(.text)
    __scatterload_rt2                        0x0800206d   Thumb Code     0  init.o(.text)
    __aeabi_llsl                             0x08002091   Thumb Code    32  llshl.o(.text)
    _ll_shift_l                              0x08002091   Thumb Code     0  llshl.o(.text)
    __aeabi_llsr                             0x080020b1   Thumb Code    34  llushr.o(.text)
    _ll_ushift_r                             0x080020b1   Thumb Code     0  llushr.o(.text)
    __aeabi_lasr                             0x080020d3   Thumb Code    38  llsshr.o(.text)
    _ll_sshift_r                             0x080020d3   Thumb Code     0  llsshr.o(.text)
    __decompress                             0x080020f9   Thumb Code     0  __dczerorl.o(.text)
    __decompress0                            0x080020f9   Thumb Code    58  __dczerorl.o(.text)
    Error_Handler                            0x08002133   Thumb Code     8  main.o(.text.Error_Handler)
    FLASH_WaitForLastOperation               0x08002171   Thumb Code   124  stm32g0xx_hal_flash.o(.text.FLASH_WaitForLastOperation)
    HAL_Delay                                0x080021e9   Thumb Code    40  stm32g0xx_hal.o(.text.HAL_Delay)
    HAL_FLASHEx_Erase                        0x0800220d   Thumb Code   188  stm32g0xx_hal_flash_ex.o(.text.HAL_FLASHEx_Erase)
    HAL_FLASH_Lock                           0x080022c1   Thumb Code    36  stm32g0xx_hal_flash.o(.text.HAL_FLASH_Lock)
    HAL_FLASH_Program                        0x080022e1   Thumb Code   116  stm32g0xx_hal_flash.o(.text.HAL_FLASH_Program)
    HAL_FLASH_Unlock                         0x08002355   Thumb Code    40  stm32g0xx_hal_flash.o(.text.HAL_FLASH_Unlock)
    HAL_GPIO_Init                            0x0800237d   Thumb Code   484  stm32g0xx_hal_gpio.o(.text.HAL_GPIO_Init)
    HAL_GPIO_ReadPin                         0x0800255d   Thumb Code    14  stm32g0xx_hal_gpio.o(.text.HAL_GPIO_ReadPin)
    HAL_GPIO_WritePin                        0x0800256b   Thumb Code    16  stm32g0xx_hal_gpio.o(.text.HAL_GPIO_WritePin)
    HAL_GetTick                              0x0800257d   Thumb Code    12  stm32g0xx_hal.o(.text.HAL_GetTick)
    HAL_IncTick                              0x08002585   Thumb Code    24  stm32g0xx_hal.o(.text.HAL_IncTick)
    HAL_Init                                 0x0800259d   Thumb Code    40  stm32g0xx_hal.o(.text.HAL_Init)
    HAL_InitTick                             0x080025c5   Thumb Code    76  stm32g0xx_hal.o(.text.HAL_InitTick)
    HAL_MspInit                              0x08002611   Thumb Code    44  stm32g0xx_hal_msp.o(.text.HAL_MspInit)
    HAL_NVIC_DisableIRQ                      0x08002639   Thumb Code    32  stm32g0xx_hal_cortex.o(.text.HAL_NVIC_DisableIRQ)
    HAL_NVIC_EnableIRQ                       0x08002659   Thumb Code    24  stm32g0xx_hal_cortex.o(.text.HAL_NVIC_EnableIRQ)
    HAL_NVIC_SetPriority                     0x08002671   Thumb Code    64  stm32g0xx_hal_cortex.o(.text.HAL_NVIC_SetPriority)
    HAL_PWREx_EnableInternalWakeUpLine       0x080026b1   Thumb Code    20  stm32g0xx_hal_pwr_ex.o(.text.HAL_PWREx_EnableInternalWakeUpLine)
    HAL_PWR_DisableWakeUpPin                 0x080026c1   Thumb Code    24  stm32g0xx_hal_pwr.o(.text.HAL_PWR_DisableWakeUpPin)
    HAL_PWR_EnableWakeUpPin                  0x080026d5   Thumb Code    36  stm32g0xx_hal_pwr.o(.text.HAL_PWR_EnableWakeUpPin)
    HAL_PWR_EnterSTANDBYMode                 0x080026f9   Thumb Code    36  stm32g0xx_hal_pwr.o(.text.HAL_PWR_EnterSTANDBYMode)
    HAL_RTCEx_AlarmBEventCallback            0x0800271d   Thumb Code     2  stm32g0xx_hal_rtc_ex.o(.text.HAL_RTCEx_AlarmBEventCallback)
    HAL_RTC_AlarmAEventCallback              0x08002721   Thumb Code   384  rtc.o(.text.HAL_RTC_AlarmAEventCallback)
    HAL_RTC_AlarmIRQHandler                  0x080028a1   Thumb Code    72  stm32g0xx_hal_rtc.o(.text.HAL_RTC_AlarmIRQHandler)
    HAL_RTC_DeInit                           0x080028e9   Thumb Code   192  stm32g0xx_hal_rtc.o(.text.HAL_RTC_DeInit)
    HAL_RTC_DeactivateAlarm                  0x080029a9   Thumb Code   222  stm32g0xx_hal_rtc.o(.text.HAL_RTC_DeactivateAlarm)
    HAL_RTC_GetAlarm                         0x08002a89   Thumb Code   184  stm32g0xx_hal_rtc.o(.text.HAL_RTC_GetAlarm)
    HAL_RTC_GetDate                          0x08002b3d   Thumb Code    92  stm32g0xx_hal_rtc.o(.text.HAL_RTC_GetDate)
    HAL_RTC_GetTime                          0x08002b99   Thumb Code   108  stm32g0xx_hal_rtc.o(.text.HAL_RTC_GetTime)
    HAL_RTC_Init                             0x08002c05   Thumb Code   176  stm32g0xx_hal_rtc.o(.text.HAL_RTC_Init)
    HAL_RTC_MspDeInit                        0x08002cb5   Thumb Code    48  rtc.o(.text.HAL_RTC_MspDeInit)
    HAL_RTC_MspInit                          0x08002cdd   Thumb Code   188  rtc.o(.text.HAL_RTC_MspInit)
    HAL_RTC_SetAlarm_IT                      0x08002d99   Thumb Code   488  stm32g0xx_hal_rtc.o(.text.HAL_RTC_SetAlarm_IT)
    HAL_RTC_SetDate                          0x08002f81   Thumb Code   244  stm32g0xx_hal_rtc.o(.text.HAL_RTC_SetDate)
    HAL_RTC_SetTime                          0x08003075   Thumb Code   280  stm32g0xx_hal_rtc.o(.text.HAL_RTC_SetTime)
    HAL_RTC_WaitForSynchro                   0x0800318d   Thumb Code    76  stm32g0xx_hal_rtc.o(.text.HAL_RTC_WaitForSynchro)
    HAL_SYSTICK_Config                       0x080031d5   Thumb Code    52  stm32g0xx_hal_cortex.o(.text.HAL_SYSTICK_Config)
    HardFault_Handler                        0x08003205   Thumb Code     2  stm32g0xx_it.o(.text.HardFault_Handler)
    I2C1_IRQHandler                          0x08003209   Thumb Code   516  i2c_ex.o(.text.I2C1_IRQHandler)
    I2C2_ReceiveData                         0x0800340d   Thumb Code   176  i2c.o(.text.I2C2_ReceiveData)
    I2C2_TransmitData                        0x080034ad   Thumb Code   212  i2c.o(.text.I2C2_TransmitData)
    I2C2_TransmitData_RepeatedStart          0x08003571   Thumb Code   200  i2c.o(.text.I2C2_TransmitData_RepeatedStart)
    I2C_Read_Bytes                           0x08003639   Thumb Code    52  i2c.o(.text.I2C_Read_Bytes)
    I2C_Write_Bytes                          0x0800366d   Thumb Code    60  i2c.o(.text.I2C_Write_Bytes)
    IAP_Set                                  0x080036a9   Thumb Code    68  main.o(.text.IAP_Set)
    INA3221SetConfig                         0x080036ed   Thumb Code    36  ina3221.o(.text.INA3221SetConfig)
    LL_GPIO_Init                             0x08003711   Thumb Code   202  stm32g0xx_ll_gpio.o(.text.LL_GPIO_Init)
    LL_I2C_DeInit                            0x080037dd   Thumb Code    68  stm32g0xx_ll_i2c.o(.text.LL_I2C_DeInit)
    LL_I2C_Init                              0x0800381d   Thumb Code   112  stm32g0xx_ll_i2c.o(.text.LL_I2C_Init)
    LL_SetSystemCoreClock                    0x0800388d   Thumb Code    12  stm32g0xx_ll_utils.o(.text.LL_SetSystemCoreClock)
    MX_GPIO_Init                             0x08003899   Thumb Code   180  gpio.o(.text.MX_GPIO_Init)
    MX_I2C2_Init                             0x08003949   Thumb Code   212  i2c.o(.text.MX_I2C2_Init)
    MX_RTC_Init                              0x08003a1d   Thumb Code   124  rtc.o(.text.MX_RTC_Init)
    NMI_Handler                              0x08003a95   Thumb Code     2  stm32g0xx_it.o(.text.NMI_Handler)
    PendSV_Handler                           0x08003a97   Thumb Code     2  stm32g0xx_it.o(.text.PendSV_Handler)
    RTC_EnterInitMode                        0x08003a99   Thumb Code    92  stm32g0xx_hal_rtc.o(.text.RTC_EnterInitMode)
    RTC_ExitInitMode                         0x08003af5   Thumb Code    84  stm32g0xx_hal_rtc.o(.text.RTC_ExitInitMode)
    RTC_TAMP_IRQHandler                      0x08003b49   Thumb Code    16  stm32g0xx_it.o(.text.RTC_TAMP_IRQHandler)
    SVC_Handler                              0x08003b59   Thumb Code     2  stm32g0xx_it.o(.text.SVC_Handler)
    Slave_Complete_Callback                  0x08003b5d   Thumb Code  1088  main.o(.text.Slave_Complete_Callback)
    SysTick_Handler                          0x08003f9d   Thumb Code     8  stm32g0xx_it.o(.text.SysTick_Handler)
    SystemClock_Config                       0x08003fa5   Thumb Code   128  main.o(.text.SystemClock_Config)
    SystemInit                               0x08004025   Thumb Code     2  system_stm32g0xx.o(.text.SystemInit)
    button_update                            0x08004029   Thumb Code   496  button.o(.text.button_update)
    clear_pwr_flag                           0x08004219   Thumb Code    68  main.o(.text.clear_pwr_flag)
    disp_num_to_num                          0x0800425d   Thumb Code    92  u8g2_disp_fun.o(.text.disp_num_to_num)
    flash_data_write_back                    0x080042b5   Thumb Code   140  main.o(.text.flash_data_write_back)
    getBusVoltage_V                          0x08004319   Thumb Code    72  ina3221.o(.text.getBusVoltage_V)
    getCurrent_mA                            0x08004361   Thumb Code    20  ina3221.o(.text.getCurrent_mA)
    getShuntVoltage_mV                       0x08004375   Thumb Code    72  ina3221.o(.text.getShuntVoltage_mV)
    i2c1_it_enable                           0x080043bd   Thumb Code    48  i2c_ex.o(.text.i2c1_it_enable)
    i2c1_set_send_data                       0x080043ed   Thumb Code    60  i2c_ex.o(.text.i2c1_set_send_data)
    i2c_port_set_to_input                    0x08004429   Thumb Code    72  main.o(.text.i2c_port_set_to_input)
    init_flash_data                          0x08004471   Thumb Code   220  main.o(.text.init_flash_data)
    main                                     0x0800454d   Thumb Code  1260  main.o(.text.main)
    num_to_disp_num                          0x08004a39   Thumb Code   200  u8g2_disp_fun.o(.text.num_to_disp_num)
    readPackedMessageFromFlash               0x08004b01   Thumb Code    60  flash.o(.text.readPackedMessageFromFlash)
    read_button_a_status                     0x08004b3d   Thumb Code    96  button.o(.text.read_button_a_status)
    read_button_b_status                     0x08004b95   Thumb Code    96  button.o(.text.read_button_b_status)
    set_RTC_Alarm                            0x08004bf5   Thumb Code   176  rtc.o(.text.set_RTC_Alarm)
    set_i2c_slave_address                    0x08004ca1   Thumb Code    12  i2c_ex.o(.text.set_i2c_slave_address)
    set_time_to_zero                         0x08004cad   Thumb Code   124  rtc.o(.text.set_time_to_zero)
    u8g2Init                                 0x08004d29   Thumb Code    44  oled_u8g2.o(.text.u8g2Init)
    u8g2_ClearBuffer                         0x08004d55   Thumb Code    22  u8g2_buffer.o(.text.u8g2_ClearBuffer)
    u8g2_DrawBox                             0x08004d6d   Thumb Code    80  u8g2_box.o(.text.u8g2_DrawBox)
    u8g2_DrawGlyph                           0x08004db9   Thumb Code   106  u8g2_font.o(.text.u8g2_DrawGlyph)
    u8g2_DrawHLine                           0x08004e23   Thumb Code    18  u8g2_hvline.o(.text.u8g2_DrawHLine)
    u8g2_DrawHVLine                          0x08004e35   Thumb Code   180  u8g2_hvline.o(.text.u8g2_DrawHVLine)
    u8g2_DrawHXBMP                           0x08004ee9   Thumb Code   172  u8g2_bitmap.o(.text.u8g2_DrawHXBMP)
    u8g2_DrawLine                            0x08004f91   Thumb Code   248  u8g2_line.o(.text.u8g2_DrawLine)
    u8g2_DrawPixel                           0x08005085   Thumb Code    52  u8g2_hvline.o(.text.u8g2_DrawPixel)
    u8g2_DrawStr                             0x080050b9   Thumb Code    16  u8g2_font.o(.text.u8g2_DrawStr)
    u8g2_DrawVLine                           0x080050c9   Thumb Code    18  u8g2_hvline.o(.text.u8g2_DrawVLine)
    u8g2_DrawXBMP                            0x080050dd   Thumb Code    92  u8g2_bitmap.o(.text.u8g2_DrawXBMP)
    u8g2_IsIntersection                      0x08005139   Thumb Code    96  u8g2_intersection.o(.text.u8g2_IsIntersection)
    u8g2_SendBuffer                          0x08005199   Thumb Code    16  u8g2_buffer.o(.text.u8g2_SendBuffer)
    u8g2_SetDrawColor                        0x080051a9   Thumb Code    14  u8g2_hvline.o(.text.u8g2_SetDrawColor)
    u8g2_SetFont                             0x080051b7   Thumb Code    28  u8g2_font.o(.text.u8g2_SetFont)
    u8g2_SetFontDirection                    0x080051d3   Thumb Code     6  u8g2_font.o(.text.u8g2_SetFontDirection)
    u8g2_SetFontMode                         0x080051d9   Thumb Code     6  u8g2_font.o(.text.u8g2_SetFontMode)
    u8g2_SetFontPosBaseline                  0x080051e1   Thumb Code    12  u8g2_font.o(.text.u8g2_SetFontPosBaseline)
    u8g2_SetupBuffer                         0x080051ed   Thumb Code    80  u8g2_setup.o(.text.u8g2_SetupBuffer)
    u8g2_Setup_ssd1306_64x48_er_f            0x0800523d   Thumb Code    68  u8g2_d_setup.o(.text.u8g2_Setup_ssd1306_64x48_er_f)
    u8g2_UpdateRefHeight                     0x08005281   Thumb Code    84  u8g2_font.o(.text.u8g2_UpdateRefHeight)
    u8g2_add_vector_x                        0x080052d5   Thumb Code    30  u8g2_font.o(.text.u8g2_add_vector_x)
    u8g2_add_vector_y                        0x080052f3   Thumb Code    30  u8g2_font.o(.text.u8g2_add_vector_y)
    u8g2_disp_init                           0x080053d9   Thumb Code    40  u8g2_disp_fun.o(.text.u8g2_disp_init)
    u8g2_disp_main                           0x08005401   Thumb Code  8352  u8g2_disp_fun.o(.text.u8g2_disp_main)
    u8g2_disp_menu_0_0                       0x0800749d   Thumb Code   444  u8g2_disp_fun.o(.text.u8g2_disp_menu_0_0)
    u8g2_disp_menu_0_1                       0x08007655   Thumb Code   504  u8g2_disp_fun.o(.text.u8g2_disp_menu_0_1)
    u8g2_disp_menu_0_2                       0x0800781d   Thumb Code   508  u8g2_disp_fun.o(.text.u8g2_disp_menu_0_2)
    u8g2_disp_menu_0_3                       0x08007a09   Thumb Code   364  u8g2_disp_fun.o(.text.u8g2_disp_menu_0_3)
    u8g2_disp_menu_1_1                       0x08007b75   Thumb Code  1700  u8g2_disp_fun.o(.text.u8g2_disp_menu_1_1)
    u8g2_disp_menu_1_2                       0x0800820d   Thumb Code   260  u8g2_disp_fun.o(.text.u8g2_disp_menu_1_2)
    u8g2_disp_menu_1_4                       0x08008311   Thumb Code   720  u8g2_disp_fun.o(.text.u8g2_disp_menu_1_4)
    u8g2_disp_menu_update                    0x080085e1   Thumb Code    36  u8g2_disp_fun.o(.text.u8g2_disp_menu_update)
    u8g2_draw_hv_line_2dir                   0x08008605   Thumb Code    24  u8g2_hvline.o(.text.u8g2_draw_hv_line_2dir)
    u8g2_draw_l90_r0                         0x0800861d   Thumb Code    18  u8g2_setup.o(.text.u8g2_draw_l90_r0)
    u8g2_font_calc_vref_font                 0x080086d1   Thumb Code     4  u8g2_font.o(.text.u8g2_font_calc_vref_font)
    u8g2_font_decode_get_unsigned_bits       0x080086d5   Thumb Code    56  u8g2_font.o(.text.u8g2_font_decode_get_unsigned_bits)
    u8g2_font_decode_glyph                   0x0800870d   Thumb Code   402  u8g2_font.o(.text.u8g2_font_decode_glyph)
    u8g2_font_decode_len                     0x0800889f   Thumb Code   226  u8g2_font.o(.text.u8g2_font_decode_len)
    u8g2_font_get_glyph_data                 0x08008981   Thumb Code   130  u8g2_font.o(.text.u8g2_font_get_glyph_data)
    u8g2_ll_hvline_vertical_top_lsb          0x08008a41   Thumb Code   172  u8g2_ll_hvline.o(.text.u8g2_ll_hvline_vertical_top_lsb)
    u8g2_m_8_6_f                             0x08008ae5   Thumb Code    12  u8g2_d_memory.o(.text.u8g2_m_8_6_f)
    u8g2_read_font_info                      0x08008af1   Thumb Code   100  u8g2_font.o(.text.u8g2_read_font_info)
    u8g2_update_dimension_r0                 0x08008bed   Thumb Code     8  u8g2_setup.o(.text.u8g2_update_dimension_r0)
    u8g2_update_page_win_r0                  0x08008bf5   Thumb Code    26  u8g2_setup.o(.text.u8g2_update_page_win_r0)
    u8x8_DrawTile                            0x08008c0f   Thumb Code    30  u8x8_display.o(.text.u8x8_DrawTile)
    u8x8_InitDisplay                         0x08008c2d   Thumb Code    14  u8x8_display.o(.text.u8x8_InitDisplay)
    u8x8_RefreshDisplay                      0x08008c3b   Thumb Code    14  u8x8_display.o(.text.u8x8_RefreshDisplay)
    u8x8_SetPowerSave                        0x08008c49   Thumb Code    14  u8x8_display.o(.text.u8x8_SetPowerSave)
    u8x8_Setup                               0x08008c57   Thumb Code    42  u8x8_setup.o(.text.u8x8_Setup)
    u8x8_SetupMemory                         0x08008c81   Thumb Code    14  u8x8_display.o(.text.u8x8_SetupMemory)
    u8x8_ascii_next                          0x08008c91   Thumb Code    20  u8x8_8x8.o(.text.u8x8_ascii_next)
    u8x8_byte_4wire_sw_spi                   0x08008ca5   Thumb Code   266  u8x8_byte.o(.text.u8x8_byte_4wire_sw_spi)
    u8x8_byte_SendByte                       0x08008daf   Thumb Code    20  u8x8_byte.o(.text.u8x8_byte_SendByte)
    u8x8_byte_SetDC                          0x08008dc3   Thumb Code    14  u8x8_byte.o(.text.u8x8_byte_SetDC)
    u8x8_cad_001                             0x08008dd1   Thumb Code    82  u8x8_cad.o(.text.u8x8_cad_001)
    u8x8_cad_EndTransfer                     0x08008e23   Thumb Code    14  u8x8_cad.o(.text.u8x8_cad_EndTransfer)
    u8x8_cad_SendArg                         0x08008e31   Thumb Code    14  u8x8_cad.o(.text.u8x8_cad_SendArg)
    u8x8_cad_SendCmd                         0x08008e3f   Thumb Code    14  u8x8_cad.o(.text.u8x8_cad_SendCmd)
    u8x8_cad_SendData                        0x08008e4d   Thumb Code    14  u8x8_cad.o(.text.u8x8_cad_SendData)
    u8x8_cad_SendSequence                    0x08008e5b   Thumb Code   106  u8x8_cad.o(.text.u8x8_cad_SendSequence)
    u8x8_cad_StartTransfer                   0x08008ec5   Thumb Code    14  u8x8_cad.o(.text.u8x8_cad_StartTransfer)
    u8x8_d_helper_display_init               0x08008ed3   Thumb Code   106  u8x8_display.o(.text.u8x8_d_helper_display_init)
    u8x8_d_helper_display_setup_memory       0x08008f3d   Thumb Code    10  u8x8_display.o(.text.u8x8_d_helper_display_setup_memory)
    u8x8_d_ssd1306_64x48_er                  0x08008f49   Thumb Code   260  u8x8_d_ssd1306_64x48.o(.text.u8x8_d_ssd1306_64x48_er)
    u8x8_gpio_call                           0x0800904d   Thumb Code    10  u8x8_gpio.o(.text.u8x8_gpio_call)
    u8x8_stm32_gpio_and_delay                0x08009059   Thumb Code   132  oled_u8g2.o(.text.u8x8_stm32_gpio_and_delay)
    u8x8_utf8_init                           0x080090dd   Thumb Code     8  u8x8_8x8.o(.text.u8x8_utf8_init)
    user_i2c_init                            0x080090e5   Thumb Code   236  i2c.o(.text.user_i2c_init)
    writeMessageToFlash                      0x080091d1   Thumb Code   184  flash.o(.text.writeMessageToFlash)
    __0snprintf                              0x08009289   Thumb Code    46  printfa.o(i.__0snprintf)
    __1snprintf                              0x08009289   Thumb Code     0  printfa.o(i.__0snprintf)
    __2snprintf                              0x08009289   Thumb Code     0  printfa.o(i.__0snprintf)
    __c89snprintf                            0x08009289   Thumb Code     0  printfa.o(i.__0snprintf)
    snprintf                                 0x08009289   Thumb Code     0  printfa.o(i.__0snprintf)
    __ARM_clz                                0x080092bd   Thumb Code    46  depilogue.o(i.__ARM_clz)
    __scatterload_copy                       0x080092eb   Thumb Code    14  handlers.o(i.__scatterload_copy)
    __scatterload_null                       0x080092f9   Thumb Code     2  handlers.o(i.__scatterload_null)
    __scatterload_zeroinit                   0x080092fb   Thumb Code    14  handlers.o(i.__scatterload_zeroinit)
    gImage_mode_back                         0x08009bca   Data           8  u8g2_disp_fun.o(.rodata.gImage_mode_back)
    gImage_status                            0x08009bd2   Data           4  u8g2_disp_fun.o(.rodata.gImage_status)
    u8g2_cb_r0                               0x08009c30   Data          12  u8g2_setup.o(.rodata.u8g2_cb_r0)
    u8g2_font_4x6_mf                         0x08009c3c   Data        1595  u8g2_fonts.o(.rodata.u8g2_font_4x6_mf)
    u8g2_font_4x6_tf                         0x0800a277   Data        1451  u8g2_fonts.o(.rodata.u8g2_font_4x6_tf)
    u8g2_font_5x7_mf                         0x0800a822   Data        1911  u8g2_fonts.o(.rodata.u8g2_font_5x7_mf)
    u8g2_font_5x7_tf                         0x0800af99   Data        1612  u8g2_fonts.o(.rodata.u8g2_font_5x7_tf)
    u8g2_font_5x8_tf                         0x0800b5e5   Data        1715  u8g2_fonts.o(.rodata.u8g2_font_5x8_tf)
    u8g2_font_6x10_tf                        0x0800bc98   Data        2000  u8g2_fonts.o(.rodata.u8g2_font_6x10_tf)
    u8g2_font_6x13_mf                        0x0800c468   Data        2715  u8g2_fonts.o(.rodata.u8g2_font_6x13_mf)
    u8g2_font_m2icon_5_tf                    0x0800cf03   Data         225  u8g2_fonts.o(.rodata.u8g2_font_m2icon_5_tf)
    Region$$Table$$Base                      0x0800d04c   Number         0  anon$$obj.o(Region$$Table)
    Region$$Table$$Limit                     0x0800d06c   Number         0  anon$$obj.o(Region$$Table)
    INA3221_shuntresistor                    0x200000c0   Data           4  ina3221.o(.data.INA3221_shuntresistor)
    SystemCoreClock                          0x200000c4   Data           4  system_stm32g0xx.o(.data.SystemCoreClock)
    button_enable_flag                       0x200000c8   Data           1  button.o(.data.button_enable_flag)
    fm_version                               0x200000c9   Data           1  main.o(.data.fm_version)
    led_status                               0x200000ca   Data           1  main.o(.data.led_status)
    setting_index                            0x200000cb   Data           1  u8g2_disp_fun.o(.data.setting_index)
    sleep_trigger                            0x200000cc   Data           1  main.o(.data.sleep_trigger)
    table                                    0x200000d0   Data         360  u8g2_disp_fun.o(.data.table)
    uwTickFreq                               0x20000238   Data           1  stm32g0xx_hal.o(.data.uwTickFreq)
    uwTickPrio                               0x2000023c   Data           4  stm32g0xx_hal.o(.data.uwTickPrio)
    wake_trigger                             0x20000240   Data           1  main.o(.data.wake_trigger)
    aReceiveBuffer                           0x20000248   Data         600  i2c_ex.o(.bss.aReceiveBuffer)
    button_init_flag                         0x200004a0   Data           1  button.o(.bss.button_init_flag)
    current                                  0x200004a4   Data           4  u8g2_disp_fun.o(.bss.current)
    cycle_status                             0x200004a8   Data           1  main.o(.bss.cycle_status)
    dis_status                               0x200004a9   Data           1  u8g2_disp_fun.o(.bss.dis_status)
    display_after_sleep_time                 0x200004ac   Data           4  main.o(.bss.display_after_sleep_time)
    excute_sleep_delay                       0x200004b0   Data           4  main.o(.bss.excute_sleep_delay)
    excute_sleep_flag                        0x200004b4   Data           1  main.o(.bss.excute_sleep_flag)
    flag_jump_bootloader                     0x200004b5   Data           1  main.o(.bss.flag_jump_bootloader)
    flash_data                               0x200004b6   Data          32  main.o(.bss.flash_data)
    funIndex                                 0x200004d6   Data           1  u8g2_disp_fun.o(.bss.funIndex)
    hrtc                                     0x200004d8   Data          44  rtc.o(.bss.hrtc)
    i2c_addr                                 0x20000504   Data           1  i2c_ex.o(.bss.i2c_addr)
    i2c_address                              0x20000505   Data           1  main.o(.bss.i2c_address)
    i2c_stop_timeout_counter                 0x20000508   Data           4  i2c_ex.o(.bss.i2c_stop_timeout_counter)
    i2c_stop_timeout_delay                   0x2000050c   Data           4  main.o(.bss.i2c_stop_timeout_delay)
    i2c_stop_timeout_flag                    0x20000510   Data           4  i2c_ex.o(.bss.i2c_stop_timeout_flag)
    i2c_timeout_counter                      0x20000514   Data           4  i2c_ex.o(.bss.i2c_timeout_counter)
    iap_switch                               0x20000518   Data           1  main.o(.bss.iap_switch)
    ina3221_data                             0x2000051c   Data          24  main.o(.bss.ina3221_data)
    ina3221_delay_time                       0x20000534   Data           4  main.o(.bss.ina3221_delay_time)
    ina3221_send_data                        0x20000538   Data          24  main.o(.bss.ina3221_send_data)
    is_setting                               0x20000550   Data           1  u8g2_disp_fun.o(.bss.is_setting)
    jump_bootloader_timeout                  0x20000554   Data           4  main.o(.bss.jump_bootloader_timeout)
    led_on_sleep_timeout_flag                0x20000558   Data           1  rtc.o(.bss.led_on_sleep_timeout_flag)
    my_button_a                              0x2000055c   Data          16  button.o(.bss.my_button_a)
    my_button_b                              0x2000056c   Data          16  button.o(.bss.my_button_b)
    my_disp_num                              0x2000057c   Data          14  u8g2_disp_fun.o(.bss.my_disp_num)
    my_rtc_data                              0x2000058a   Data          12  main.o(.bss.my_rtc_data)
    notice_counter                           0x20000596   Data           1  u8g2_disp_fun.o(.bss.notice_counter)
    notice_flag                              0x20000597   Data           1  u8g2_disp_fun.o(.bss.notice_flag)
    oled_on_mode                             0x20000598   Data           1  u8g2_disp_fun.o(.bss.oled_on_mode)
    pFlash                                   0x2000059c   Data          28  stm32g0xx_hal_flash.o(.bss.pFlash)
    pin_wake_ctrl_status                     0x200005b8   Data           1  main.o(.bss.pin_wake_ctrl_status)
    power_hold_status                        0x200005b9   Data           1  main.o(.bss.power_hold_status)
    rtc_sleep_time_enable                    0x200005ba   Data           1  main.o(.bss.rtc_sleep_time_enable)
    rtc_wake_ctrl_status                     0x200005bb   Data           1  main.o(.bss.rtc_wake_ctrl_status)
    rtc_wake_time_enable                     0x200005bc   Data           1  main.o(.bss.rtc_wake_time_enable)
    sleep_flag                               0x200005bd   Data           1  main.o(.bss.sleep_flag)
    tx_buffer                                0x200005c0   Data         600  i2c_ex.o(.bss.tx_buffer)
    tx_buffer_index                          0x20000818   Data           2  i2c_ex.o(.bss.tx_buffer_index)
    tx_len                                   0x2000081a   Data           2  i2c_ex.o(.bss.tx_len)
    u8g2                                     0x2000081c   Data         148  oled_u8g2.o(.bss.u8g2)
    ubReceiveIndex                           0x20000a5a   Data           2  i2c_ex.o(.bss.ubReceiveIndex)
    uwTick                                   0x20000a5c   Data           4  stm32g0xx_hal.o(.bss.uwTick)
    work_order                               0x20000a60   Data           1  u8g2_disp_fun.o(.bss.work_order)
    __initial_sp                             0x20000e68   Data           0  startup_stm32g031xx.o(STACK)



==============================================================================

Memory Map of the image

  Image Entry point : 0x080018c1

  Load Region LR_IROM1 (Base: 0x08001800, Size: 0x0000b9f8, Max: 0x0000e800, ABSOLUTE, COMPRESSED[0x0000b8d8])

    Execution Region ER_IROM1 (Exec base: 0x08001800, Load base: 0x08001800, Size: 0x0000b86c, Max: 0x0000e800, ABSOLUTE)

    Exec Addr    Load Addr    Size         Type   Attr      Idx    E Section Name        Object

    0x08001800   0x08001800   0x000000c0   Data   RO            3    RESET               startup_stm32g031xx.o
    0x080018c0   0x080018c0   0x00000000   Code   RO         4459  * .ARM.Collect$$$$00000000  mc_p.l(entry.o)
    0x080018c0   0x080018c0   0x00000004   Code   RO         4749    .ARM.Collect$$$$00000001  mc_p.l(entry2.o)
    0x080018c4   0x080018c4   0x00000004   Code   RO         4752    .ARM.Collect$$$$00000004  mc_p.l(entry5.o)
    0x080018c8   0x080018c8   0x00000000   Code   RO         4754    .ARM.Collect$$$$00000008  mc_p.l(entry7b.o)
    0x080018c8   0x080018c8   0x00000000   Code   RO         4756    .ARM.Collect$$$$0000000A  mc_p.l(entry8b.o)
    0x080018c8   0x080018c8   0x00000008   Code   RO         4757    .ARM.Collect$$$$0000000B  mc_p.l(entry9a.o)
    0x080018d0   0x080018d0   0x00000000   Code   RO         4759    .ARM.Collect$$$$0000000D  mc_p.l(entry10a.o)
    0x080018d0   0x080018d0   0x00000000   Code   RO         4761    .ARM.Collect$$$$0000000F  mc_p.l(entry11a.o)
    0x080018d0   0x080018d0   0x00000004   Code   RO         4750    .ARM.Collect$$$$00002712  mc_p.l(entry2.o)
    0x080018d4   0x080018d4   0x0000001c   Code   RO            4    .text               startup_stm32g031xx.o
    0x080018f0   0x080018f0   0x0000002c   Code   RO         4462    .text               mc_p.l(uidiv.o)
    0x0800191c   0x0800191c   0x00000028   Code   RO         4464    .text               mc_p.l(idiv.o)
    0x08001944   0x08001944   0x00000024   Code   RO         4466    .text               mc_p.l(memcpya.o)
    0x08001968   0x08001968   0x00000024   Code   RO         4468    .text               mc_p.l(memseta.o)
    0x0800198c   0x0800198c   0x0000007a   Code   RO         4735    .text               mf_p.l(fmul.o)
    0x08001a06   0x08001a06   0x0000007c   Code   RO         4737    .text               mf_p.l(fdiv.o)
    0x08001a82   0x08001a82   0x00000002   PAD
    0x08001a84   0x08001a84   0x000000d0   Code   RO         4739    .text               mf_p.l(dmul.o)
    0x08001b54   0x08001b54   0x00000028   Code   RO         4741    .text               mf_p.l(dflti.o)
    0x08001b7c   0x08001b7c   0x00000032   Code   RO         4743    .text               mf_p.l(ffixi.o)
    0x08001bae   0x08001bae   0x00000028   Code   RO         4745    .text               mf_p.l(f2d.o)
    0x08001bd6   0x08001bd6   0x00000038   Code   RO         4747    .text               mf_p.l(d2f.o)
    0x08001c0e   0x08001c0e   0x00000060   Code   RO         4768    .text               mc_p.l(uldiv.o)
    0x08001c6e   0x08001c6e   0x00000000   Code   RO         4770    .text               mc_p.l(iusefp.o)
    0x08001c6e   0x08001c6e   0x00000082   Code   RO         4771    .text               mf_p.l(fepilogue.o)
    0x08001cf0   0x08001cf0   0x000000be   Code   RO         4773    .text               mf_p.l(depilogue.o)
    0x08001dae   0x08001dae   0x00000002   PAD
    0x08001db0   0x08001db0   0x00000164   Code   RO         4777    .text               mf_p.l(dadd.o)
    0x08001f14   0x08001f14   0x000000f0   Code   RO         4779    .text               mf_p.l(ddiv.o)
    0x08002004   0x08002004   0x00000040   Code   RO         4781    .text               mf_p.l(dfixul.o)
    0x08002044   0x08002044   0x00000028   Code   RO         4783    .text               mf_p.l(cdrcmple.o)
    0x0800206c   0x0800206c   0x00000024   Code   RO         4785    .text               mc_p.l(init.o)
    0x08002090   0x08002090   0x00000020   Code   RO         4788    .text               mc_p.l(llshl.o)
    0x080020b0   0x080020b0   0x00000022   Code   RO         4790    .text               mc_p.l(llushr.o)
    0x080020d2   0x080020d2   0x00000026   Code   RO         4792    .text               mc_p.l(llsshr.o)
    0x080020f8   0x080020f8   0x0000003a   Code   RO         4803    .text               mc_p.l(__dczerorl.o)
    0x08002132   0x08002132   0x00000008   Code   RO           29    .text.Error_Handler  main.o
    0x0800213a   0x0800213a   0x00000002   PAD
    0x0800213c   0x0800213c   0x00000034   Code   RO          583    .text.FLASH_Program_Fast  stm32g0xx_hal_flash.o
    0x08002170   0x08002170   0x00000078   Code   RO          581    .text.FLASH_WaitForLastOperation  stm32g0xx_hal_flash.o
    0x080021e8   0x080021e8   0x00000024   Code   RO          902    .text.HAL_Delay     stm32g0xx_hal.o
    0x0800220c   0x0800220c   0x000000b4   Code   RO          617    .text.HAL_FLASHEx_Erase  stm32g0xx_hal_flash_ex.o
    0x080022c0   0x080022c0   0x00000020   Code   RO          595    .text.HAL_FLASH_Lock  stm32g0xx_hal_flash.o
    0x080022e0   0x080022e0   0x00000074   Code   RO          579    .text.HAL_FLASH_Program  stm32g0xx_hal_flash.o
    0x08002354   0x08002354   0x00000028   Code   RO          593    .text.HAL_FLASH_Unlock  stm32g0xx_hal_flash.o
    0x0800237c   0x0800237c   0x000001e0   Code   RO          650    .text.HAL_GPIO_Init  stm32g0xx_hal_gpio.o
    0x0800255c   0x0800255c   0x0000000e   Code   RO          654    .text.HAL_GPIO_ReadPin  stm32g0xx_hal_gpio.o
    0x0800256a   0x0800256a   0x00000010   Code   RO          656    .text.HAL_GPIO_WritePin  stm32g0xx_hal_gpio.o
    0x0800257a   0x0800257a   0x00000002   PAD
    0x0800257c   0x0800257c   0x00000008   Code   RO          894    .text.HAL_GetTick   stm32g0xx_hal.o
    0x08002584   0x08002584   0x00000018   Code   RO          892    .text.HAL_IncTick   stm32g0xx_hal.o
    0x0800259c   0x0800259c   0x00000028   Code   RO          882    .text.HAL_Init      stm32g0xx_hal.o
    0x080025c4   0x080025c4   0x0000004c   Code   RO          884    .text.HAL_InitTick  stm32g0xx_hal.o
    0x08002610   0x08002610   0x00000028   Code   RO          167    .text.HAL_MspInit   stm32g0xx_hal_msp.o
    0x08002638   0x08002638   0x00000020   Code   RO          841    .text.HAL_NVIC_DisableIRQ  stm32g0xx_hal_cortex.o
    0x08002658   0x08002658   0x00000018   Code   RO          839    .text.HAL_NVIC_EnableIRQ  stm32g0xx_hal_cortex.o
    0x08002670   0x08002670   0x00000040   Code   RO          837    .text.HAL_NVIC_SetPriority  stm32g0xx_hal_cortex.o
    0x080026b0   0x080026b0   0x00000010   Code   RO          786    .text.HAL_PWREx_EnableInternalWakeUpLine  stm32g0xx_hal_pwr_ex.o
    0x080026c0   0x080026c0   0x00000014   Code   RO          745    .text.HAL_PWR_DisableWakeUpPin  stm32g0xx_hal_pwr.o
    0x080026d4   0x080026d4   0x00000024   Code   RO          743    .text.HAL_PWR_EnableWakeUpPin  stm32g0xx_hal_pwr.o
    0x080026f8   0x080026f8   0x00000024   Code   RO          751    .text.HAL_PWR_EnterSTANDBYMode  stm32g0xx_hal_pwr.o
    0x0800271c   0x0800271c   0x00000002   Code   RO         1104    .text.HAL_RTCEx_AlarmBEventCallback  stm32g0xx_hal_rtc_ex.o
    0x0800271e   0x0800271e   0x00000002   PAD
    0x08002720   0x08002720   0x00000180   Code   RO          128    .text.HAL_RTC_AlarmAEventCallback  rtc.o
    0x080028a0   0x080028a0   0x00000048   Code   RO         1025    .text.HAL_RTC_AlarmIRQHandler  stm32g0xx_hal_rtc.o
    0x080028e8   0x080028e8   0x000000c0   Code   RO         1001    .text.HAL_RTC_DeInit  stm32g0xx_hal_rtc.o
    0x080029a8   0x080029a8   0x000000de   Code   RO         1021    .text.HAL_RTC_DeactivateAlarm  stm32g0xx_hal_rtc.o
    0x08002a86   0x08002a86   0x00000002   PAD
    0x08002a88   0x08002a88   0x000000b4   Code   RO         1023    .text.HAL_RTC_GetAlarm  stm32g0xx_hal_rtc.o
    0x08002b3c   0x08002b3c   0x0000005c   Code   RO         1015    .text.HAL_RTC_GetDate  stm32g0xx_hal_rtc.o
    0x08002b98   0x08002b98   0x0000006c   Code   RO         1009    .text.HAL_RTC_GetTime  stm32g0xx_hal_rtc.o
    0x08002c04   0x08002c04   0x000000b0   Code   RO          993    .text.HAL_RTC_Init  stm32g0xx_hal_rtc.o
    0x08002cb4   0x08002cb4   0x00000028   Code   RO          122    .text.HAL_RTC_MspDeInit  rtc.o
    0x08002cdc   0x08002cdc   0x000000bc   Code   RO          120    .text.HAL_RTC_MspInit  rtc.o
    0x08002d98   0x08002d98   0x000001e8   Code   RO         1019    .text.HAL_RTC_SetAlarm_IT  stm32g0xx_hal_rtc.o
    0x08002f80   0x08002f80   0x000000f4   Code   RO         1013    .text.HAL_RTC_SetDate  stm32g0xx_hal_rtc.o
    0x08003074   0x08003074   0x00000118   Code   RO         1005    .text.HAL_RTC_SetTime  stm32g0xx_hal_rtc.o
    0x0800318c   0x0800318c   0x00000048   Code   RO         1031    .text.HAL_RTC_WaitForSynchro  stm32g0xx_hal_rtc.o
    0x080031d4   0x080031d4   0x00000030   Code   RO          845    .text.HAL_SYSTICK_Config  stm32g0xx_hal_cortex.o
    0x08003204   0x08003204   0x00000002   Code   RO          145    .text.HardFault_Handler  stm32g0xx_it.o
    0x08003206   0x08003206   0x00000002   PAD
    0x08003208   0x08003208   0x00000204   Code   RO          248    .text.I2C1_IRQHandler  i2c_ex.o
    0x0800340c   0x0800340c   0x000000a0   Code   RO           99    .text.I2C2_ReceiveData  i2c.o
    0x080034ac   0x080034ac   0x000000c4   Code   RO           95    .text.I2C2_TransmitData  i2c.o
    0x08003570   0x08003570   0x000000c8   Code   RO           97    .text.I2C2_TransmitData_RepeatedStart  i2c.o
    0x08003638   0x08003638   0x00000034   Code   RO          103    .text.I2C_Read_Bytes  i2c.o
    0x0800366c   0x0800366c   0x0000003c   Code   RO          101    .text.I2C_Write_Bytes  i2c.o
    0x080036a8   0x080036a8   0x00000044   Code   RO           11    .text.IAP_Set       main.o
    0x080036ec   0x080036ec   0x00000024   Code   RO          184    .text.INA3221SetConfig  ina3221.o
    0x08003710   0x08003710   0x000000ca   Code   RO          450    .text.LL_GPIO_Init  stm32g0xx_ll_gpio.o
    0x080037da   0x080037da   0x00000002   PAD
    0x080037dc   0x080037dc   0x00000040   Code   RO          431    .text.LL_I2C_DeInit  stm32g0xx_ll_i2c.o
    0x0800381c   0x0800381c   0x00000070   Code   RO          433    .text.LL_I2C_Init   stm32g0xx_ll_i2c.o
    0x0800388c   0x0800388c   0x0000000c   Code   RO          393    .text.LL_SetSystemCoreClock  stm32g0xx_ll_utils.o
    0x08003898   0x08003898   0x000000b0   Code   RO           74    .text.MX_GPIO_Init  gpio.o
    0x08003948   0x08003948   0x000000d4   Code   RO           89    .text.MX_I2C2_Init  i2c.o
    0x08003a1c   0x08003a1c   0x00000078   Code   RO          118    .text.MX_RTC_Init   rtc.o
    0x08003a94   0x08003a94   0x00000002   Code   RO          143    .text.NMI_Handler   stm32g0xx_it.o
    0x08003a96   0x08003a96   0x00000002   Code   RO          149    .text.PendSV_Handler  stm32g0xx_it.o
    0x08003a98   0x08003a98   0x0000005c   Code   RO          997    .text.RTC_EnterInitMode  stm32g0xx_hal_rtc.o
    0x08003af4   0x08003af4   0x00000054   Code   RO          999    .text.RTC_ExitInitMode  stm32g0xx_hal_rtc.o
    0x08003b48   0x08003b48   0x00000010   Code   RO          153    .text.RTC_TAMP_IRQHandler  stm32g0xx_it.o
    0x08003b58   0x08003b58   0x00000002   Code   RO          147    .text.SVC_Handler   stm32g0xx_it.o
    0x08003b5a   0x08003b5a   0x00000002   PAD
    0x08003b5c   0x08003b5c   0x00000440   Code   RO           23    .text.Slave_Complete_Callback  main.o
    0x08003f9c   0x08003f9c   0x00000008   Code   RO          151    .text.SysTick_Handler  stm32g0xx_it.o
    0x08003fa4   0x08003fa4   0x00000080   Code   RO           27    .text.SystemClock_Config  main.o
    0x08004024   0x08004024   0x00000002   Code   RO         1155    .text.SystemInit    system_stm32g0xx.o
    0x08004026   0x08004026   0x00000002   PAD
    0x08004028   0x08004028   0x000001f0   Code   RO          370    .text.button_update  button.o
    0x08004218   0x08004218   0x00000044   Code   RO           19    .text.clear_pwr_flag  main.o
    0x0800425c   0x0800425c   0x00000058   Code   RO          305    .text.disp_num_to_num  u8g2_disp_fun.o
    0x080042b4   0x080042b4   0x00000064   Code   RO           17    .text.flash_data_write_back  main.o
    0x08004318   0x08004318   0x00000048   Code   RO          192    .text.getBusVoltage_V  ina3221.o
    0x08004360   0x08004360   0x00000014   Code   RO          194    .text.getCurrent_mA  ina3221.o
    0x08004374   0x08004374   0x00000048   Code   RO          190    .text.getShuntVoltage_mV  ina3221.o
    0x080043bc   0x080043bc   0x00000030   Code   RO          236    .text.i2c1_it_enable  i2c_ex.o
    0x080043ec   0x080043ec   0x0000003c   Code   RO          242    .text.i2c1_set_send_data  i2c_ex.o
    0x08004428   0x08004428   0x00000048   Code   RO           13    .text.i2c_port_set_to_input  main.o
    0x08004470   0x08004470   0x000000dc   Code   RO           15    .text.init_flash_data  main.o
    0x0800454c   0x0800454c   0x000004ec   Code   RO           25    .text.main          main.o
    0x08004a38   0x08004a38   0x000000c8   Code   RO          303    .text.num_to_disp_num  u8g2_disp_fun.o
    0x08004b00   0x08004b00   0x0000003c   Code   RO          215    .text.readPackedMessageFromFlash  flash.o
    0x08004b3c   0x08004b3c   0x00000058   Code   RO          366    .text.read_button_a_status  button.o
    0x08004b94   0x08004b94   0x00000060   Code   RO          368    .text.read_button_b_status  button.o
    0x08004bf4   0x08004bf4   0x000000ac   Code   RO          126    .text.set_RTC_Alarm  rtc.o
    0x08004ca0   0x08004ca0   0x0000000c   Code   RO          232    .text.set_i2c_slave_address  i2c_ex.o
    0x08004cac   0x08004cac   0x0000007c   Code   RO          124    .text.set_time_to_zero  rtc.o
    0x08004d28   0x08004d28   0x0000002c   Code   RO          273    .text.u8g2Init      oled_u8g2.o
    0x08004d54   0x08004d54   0x00000016   Code   RO         1459    .text.u8g2_ClearBuffer  u8g2_buffer.o
    0x08004d6a   0x08004d6a   0x00000002   PAD
    0x08004d6c   0x08004d6c   0x0000004c   Code   RO         1440    .text.u8g2_DrawBox  u8g2_box.o
    0x08004db8   0x08004db8   0x0000006a   Code   RO         1615    .text.u8g2_DrawGlyph  u8g2_font.o
    0x08004e22   0x08004e22   0x00000012   Code   RO         3644    .text.u8g2_DrawHLine  u8g2_hvline.o
    0x08004e34   0x08004e34   0x000000b4   Code   RO         3640    .text.u8g2_DrawHVLine  u8g2_hvline.o
    0x08004ee8   0x08004ee8   0x000000a8   Code   RO         1425    .text.u8g2_DrawHXBMP  u8g2_bitmap.o
    0x08004f90   0x08004f90   0x000000f4   Code   RO         3706    .text.u8g2_DrawLine  u8g2_line.o
    0x08005084   0x08005084   0x00000034   Code   RO         3648    .text.u8g2_DrawPixel  u8g2_hvline.o
    0x080050b8   0x080050b8   0x00000010   Code   RO         1619    .text.u8g2_DrawStr  u8g2_font.o
    0x080050c8   0x080050c8   0x00000012   Code   RO         3646    .text.u8g2_DrawVLine  u8g2_hvline.o
    0x080050da   0x080050da   0x00000002   PAD
    0x080050dc   0x080050dc   0x0000005c   Code   RO         1427    .text.u8g2_DrawXBMP  u8g2_bitmap.o
    0x08005138   0x08005138   0x00000060   Code   RO         3678    .text.u8g2_IsIntersection  u8g2_intersection.o
    0x08005198   0x08005198   0x00000010   Code   RO         1461    .text.u8g2_SendBuffer  u8g2_buffer.o
    0x080051a8   0x080051a8   0x0000000e   Code   RO         3650    .text.u8g2_SetDrawColor  u8g2_hvline.o
    0x080051b6   0x080051b6   0x0000001c   Code   RO         1659    .text.u8g2_SetFont  u8g2_font.o
    0x080051d2   0x080051d2   0x00000006   Code   RO         1671    .text.u8g2_SetFontDirection  u8g2_font.o
    0x080051d8   0x080051d8   0x00000006   Code   RO         1613    .text.u8g2_SetFontMode  u8g2_font.o
    0x080051de   0x080051de   0x00000002   PAD
    0x080051e0   0x080051e0   0x0000000c   Code   RO         1645    .text.u8g2_SetFontPosBaseline  u8g2_font.o
    0x080051ec   0x080051ec   0x00000050   Code   RO         3803    .text.u8g2_SetupBuffer  u8g2_setup.o
    0x0800523c   0x0800523c   0x00000044   Code   RO         1562    .text.u8g2_Setup_ssd1306_64x48_er_f  u8g2_d_setup.o
    0x08005280   0x08005280   0x00000054   Code   RO         1635    .text.u8g2_UpdateRefHeight  u8g2_font.o
    0x080052d4   0x080052d4   0x0000001e   Code   RO         1595    .text.u8g2_add_vector_x  u8g2_font.o
    0x080052f2   0x080052f2   0x0000001e   Code   RO         1593    .text.u8g2_add_vector_y  u8g2_font.o
    0x08005310   0x08005310   0x00000084   Code   RO         3815    .text.u8g2_apply_clip_window  u8g2_setup.o
    0x08005394   0x08005394   0x00000044   Code   RO         3642    .text.u8g2_clip_intersection2  u8g2_hvline.o
    0x080053d8   0x080053d8   0x00000028   Code   RO          309    .text.u8g2_disp_init  u8g2_disp_fun.o
    0x08005400   0x08005400   0x0000209c   Code   RO          311    .text.u8g2_disp_main  u8g2_disp_fun.o
    0x0800749c   0x0800749c   0x000001b8   Code   RO          287    .text.u8g2_disp_menu_0_0  u8g2_disp_fun.o
    0x08007654   0x08007654   0x000001c8   Code   RO          289    .text.u8g2_disp_menu_0_1  u8g2_disp_fun.o
    0x0800781c   0x0800781c   0x000001ec   Code   RO          291    .text.u8g2_disp_menu_0_2  u8g2_disp_fun.o
    0x08007a08   0x08007a08   0x0000016c   Code   RO          293    .text.u8g2_disp_menu_0_3  u8g2_disp_fun.o
    0x08007b74   0x08007b74   0x00000698   Code   RO          295    .text.u8g2_disp_menu_1_1  u8g2_disp_fun.o
    0x0800820c   0x0800820c   0x00000104   Code   RO          297    .text.u8g2_disp_menu_1_2  u8g2_disp_fun.o
    0x08008310   0x08008310   0x000002d0   Code   RO          299    .text.u8g2_disp_menu_1_4  u8g2_disp_fun.o
    0x080085e0   0x080085e0   0x00000024   Code   RO          307    .text.u8g2_disp_menu_update  u8g2_disp_fun.o
    0x08008604   0x08008604   0x00000018   Code   RO         3638    .text.u8g2_draw_hv_line_2dir  u8g2_hvline.o
    0x0800861c   0x0800861c   0x00000012   Code   RO         3829    .text.u8g2_draw_l90_r0  u8g2_setup.o
    0x0800862e   0x0800862e   0x00000002   PAD
    0x08008630   0x08008630   0x000000a0   Code   RO         1621    .text.u8g2_draw_string  u8g2_font.o
    0x080086d0   0x080086d0   0x00000004   Code   RO         1643    .text.u8g2_font_calc_vref_font  u8g2_font.o
    0x080086d4   0x080086d4   0x00000038   Code   RO         1589    .text.u8g2_font_decode_get_unsigned_bits  u8g2_font.o
    0x0800870c   0x0800870c   0x00000192   Code   RO         1601    .text.u8g2_font_decode_glyph  u8g2_font.o
    0x0800889e   0x0800889e   0x000000e2   Code   RO         1597    .text.u8g2_font_decode_len  u8g2_font.o
    0x08008980   0x08008980   0x00000082   Code   RO         1607    .text.u8g2_font_get_glyph_data  u8g2_font.o
    0x08008a02   0x08008a02   0x0000003e   Code   RO         1603    .text.u8g2_font_setup_decode  u8g2_font.o
    0x08008a40   0x08008a40   0x000000a4   Code   RO         3719    .text.u8g2_ll_hvline_vertical_top_lsb  u8g2_ll_hvline.o
    0x08008ae4   0x08008ae4   0x0000000c   Code   RO         1549    .text.u8g2_m_8_6_f  u8g2_d_memory.o
    0x08008af0   0x08008af0   0x00000064   Code   RO         1575    .text.u8g2_read_font_info  u8g2_font.o
    0x08008b54   0x08008b54   0x00000058   Code   RO         1463    .text.u8g2_send_buffer  u8g2_buffer.o
    0x08008bac   0x08008bac   0x00000040   Code   RO         3811    .text.u8g2_update_dimension_common  u8g2_setup.o
    0x08008bec   0x08008bec   0x00000008   Code   RO         3809    .text.u8g2_update_dimension_r0  u8g2_setup.o
    0x08008bf4   0x08008bf4   0x0000001a   Code   RO         3813    .text.u8g2_update_page_win_r0  u8g2_setup.o
    0x08008c0e   0x08008c0e   0x0000001e   Code   RO         4147    .text.u8x8_DrawTile  u8x8_display.o
    0x08008c2c   0x08008c2c   0x0000000e   Code   RO         4153    .text.u8x8_InitDisplay  u8x8_display.o
    0x08008c3a   0x08008c3a   0x0000000e   Code   RO         4161    .text.u8x8_RefreshDisplay  u8x8_display.o
    0x08008c48   0x08008c48   0x0000000e   Code   RO         4155    .text.u8x8_SetPowerSave  u8x8_display.o
    0x08008c56   0x08008c56   0x0000002a   Code   RO         4389    .text.u8x8_Setup    u8x8_setup.o
    0x08008c80   0x08008c80   0x0000000e   Code   RO         4149    .text.u8x8_SetupMemory  u8x8_display.o
    0x08008c8e   0x08008c8e   0x00000002   PAD
    0x08008c90   0x08008c90   0x00000014   Code   RO         3944    .text.u8x8_ascii_next  u8x8_8x8.o
    0x08008ca4   0x08008ca4   0x0000010a   Code   RO         3991    .text.u8x8_byte_4wire_sw_spi  u8x8_byte.o
    0x08008dae   0x08008dae   0x00000014   Code   RO         3983    .text.u8x8_byte_SendByte  u8x8_byte.o
    0x08008dc2   0x08008dc2   0x0000000e   Code   RO         3979    .text.u8x8_byte_SetDC  u8x8_byte.o
    0x08008dd0   0x08008dd0   0x00000052   Code   RO         4050    .text.u8x8_cad_001  u8x8_cad.o
    0x08008e22   0x08008e22   0x0000000e   Code   RO         4034    .text.u8x8_cad_EndTransfer  u8x8_cad.o
    0x08008e30   0x08008e30   0x0000000e   Code   RO         4026    .text.u8x8_cad_SendArg  u8x8_cad.o
    0x08008e3e   0x08008e3e   0x0000000e   Code   RO         4024    .text.u8x8_cad_SendCmd  u8x8_cad.o
    0x08008e4c   0x08008e4c   0x0000000e   Code   RO         4030    .text.u8x8_cad_SendData  u8x8_cad.o
    0x08008e5a   0x08008e5a   0x0000006a   Code   RO         4040    .text.u8x8_cad_SendSequence  u8x8_cad.o
    0x08008ec4   0x08008ec4   0x0000000e   Code   RO         4032    .text.u8x8_cad_StartTransfer  u8x8_cad.o
    0x08008ed2   0x08008ed2   0x0000006a   Code   RO         4145    .text.u8x8_d_helper_display_init  u8x8_display.o
    0x08008f3c   0x08008f3c   0x0000000a   Code   RO         4143    .text.u8x8_d_helper_display_setup_memory  u8x8_display.o
    0x08008f46   0x08008f46   0x00000002   PAD
    0x08008f48   0x08008f48   0x00000104   Code   RO         4111    .text.u8x8_d_ssd1306_64x48_er  u8x8_d_ssd1306_64x48.o
    0x0800904c   0x0800904c   0x0000000a   Code   RO         4320    .text.u8x8_gpio_call  u8x8_gpio.o
    0x08009056   0x08009056   0x00000002   PAD
    0x08009058   0x08009058   0x00000084   Code   RO          271    .text.u8x8_stm32_gpio_and_delay  oled_u8g2.o
    0x080090dc   0x080090dc   0x00000008   Code   RO         3942    .text.u8x8_utf8_init  u8x8_8x8.o
    0x080090e4   0x080090e4   0x000000ec   Code   RO          105    .text.user_i2c_init  i2c.o
    0x080091d0   0x080091d0   0x000000b8   Code   RO          219    .text.writeMessageToFlash  flash.o
    0x08009288   0x08009288   0x00000034   Code   RO         4706    i.__0snprintf       mc_p.l(printfa.o)
    0x080092bc   0x080092bc   0x0000002e   Code   RO         4775    i.__ARM_clz         mf_p.l(depilogue.o)
    0x080092ea   0x080092ea   0x0000000e   Code   RO         4797    i.__scatterload_copy  mc_p.l(handlers.o)
    0x080092f8   0x080092f8   0x00000002   Code   RO         4798    i.__scatterload_null  mc_p.l(handlers.o)
    0x080092fa   0x080092fa   0x0000000e   Code   RO         4799    i.__scatterload_zeroinit  mc_p.l(handlers.o)
    0x08009308   0x08009308   0x00000174   Code   RO         4712    i._fp_digits        mc_p.l(printfa.o)
    0x0800947c   0x0800947c   0x000006ec   Code   RO         4713    i._printf_core      mc_p.l(printfa.o)
    0x08009b68   0x08009b68   0x00000020   Code   RO         4714    i._printf_post_padding  mc_p.l(printfa.o)
    0x08009b88   0x08009b88   0x0000002c   Code   RO         4715    i._printf_pre_padding  mc_p.l(printfa.o)
    0x08009bb4   0x08009bb4   0x00000016   Code   RO         4716    i._snputc           mc_p.l(printfa.o)
    0x08009bca   0x08009bca   0x00000008   Data   RO          325    .rodata.gImage_mode_back  u8g2_disp_fun.o
    0x08009bd2   0x08009bd2   0x00000004   Data   RO          328    .rodata.gImage_status  u8g2_disp_fun.o
    0x08009bd6   0x08009bd6   0x00000059   Data   RO          342    .rodata.str1.1      u8g2_disp_fun.o
    0x08009c2f   0x08009c2f   0x00000001   PAD
    0x08009c30   0x08009c30   0x0000000c   Data   RO         3843    .rodata.u8g2_cb_r0  u8g2_setup.o
    0x08009c3c   0x08009c3c   0x0000063b   Data   RO         1727    .rodata.u8g2_font_4x6_mf  u8g2_fonts.o
    0x0800a277   0x0800a277   0x000005ab   Data   RO         1724    .rodata.u8g2_font_4x6_tf  u8g2_fonts.o
    0x0800a822   0x0800a822   0x00000777   Data   RO         1734    .rodata.u8g2_font_5x7_mf  u8g2_fonts.o
    0x0800af99   0x0800af99   0x0000064c   Data   RO         1731    .rodata.u8g2_font_5x7_tf  u8g2_fonts.o
    0x0800b5e5   0x0800b5e5   0x000006b3   Data   RO         1738    .rodata.u8g2_font_5x8_tf  u8g2_fonts.o
    0x0800bc98   0x0800bc98   0x000007d0   Data   RO         1745    .rodata.u8g2_font_6x10_tf  u8g2_fonts.o
    0x0800c468   0x0800c468   0x00000a9b   Data   RO         1766    .rodata.u8g2_font_6x13_mf  u8g2_fonts.o
    0x0800cf03   0x0800cf03   0x000000e1   Data   RO         1688    .rodata.u8g2_font_m2icon_5_tf  u8g2_fonts.o
    0x0800cfe4   0x0800cfe4   0x00000035   Data   RO         4114    .rodata.u8x8_d_ssd1306_64x48_er_init_seq  u8x8_d_ssd1306_64x48.o
    0x0800d019   0x0800d019   0x00000007   Data   RO         4117    .rodata.u8x8_d_ssd1306_64x48_flip0_seq  u8x8_d_ssd1306_64x48.o
    0x0800d020   0x0800d020   0x00000007   Data   RO         4118    .rodata.u8x8_d_ssd1306_64x48_flip1_seq  u8x8_d_ssd1306_64x48.o
    0x0800d027   0x0800d027   0x00000005   Data   RO         4115    .rodata.u8x8_d_ssd1306_64x48_powersave0_seq  u8x8_d_ssd1306_64x48.o
    0x0800d02c   0x0800d02c   0x00000005   Data   RO         4116    .rodata.u8x8_d_ssd1306_64x48_powersave1_seq  u8x8_d_ssd1306_64x48.o
    0x0800d031   0x0800d031   0x00000003   PAD
    0x0800d034   0x0800d034   0x00000018   Data   RO         4113    .rodata.u8x8_ssd1306_64x48_display_info  u8x8_d_ssd1306_64x48.o
    0x0800d04c   0x0800d04c   0x00000020   Data   RO         4795    Region$$Table       anon$$obj.o


    Execution Region RW_IRAM1 (Exec base: 0x200000c0, Load base: 0x0800d070, Size: 0x00000da8, Max: 0x00001f40, ABSOLUTE, COMPRESSED[0x00000068])

    Exec Addr    Load Addr    Size         Type   Attr      Idx    E Section Name        Object

    0x200000c0   COMPRESSED   0x00000004   Data   RW          199    .data.INA3221_shuntresistor  ina3221.o
    0x200000c4   COMPRESSED   0x00000004   Data   RW         1159    .data.SystemCoreClock  system_stm32g0xx.o
    0x200000c8   COMPRESSED   0x00000001   Data   RW          372    .data.button_enable_flag  button.o
    0x200000c9   COMPRESSED   0x00000001   Data   RW           51    .data.fm_version    main.o
    0x200000ca   COMPRESSED   0x00000001   Data   RW           42    .data.led_status    main.o
    0x200000cb   COMPRESSED   0x00000001   Data   RW          320    .data.setting_index  u8g2_disp_fun.o
    0x200000cc   COMPRESSED   0x00000001   Data   RW           46    .data.sleep_trigger  main.o
    0x200000cd   COMPRESSED   0x00000003   PAD
    0x200000d0   COMPRESSED   0x00000168   Data   RW          330    .data.table         u8g2_disp_fun.o
    0x20000238   COMPRESSED   0x00000001   Data   RW          951    .data.uwTickFreq    stm32g0xx_hal.o
    0x20000239   COMPRESSED   0x00000003   PAD
    0x2000023c   COMPRESSED   0x00000004   Data   RW          950    .data.uwTickPrio    stm32g0xx_hal.o
    0x20000240   COMPRESSED   0x00000001   Data   RW           45    .data.wake_trigger  main.o
    0x20000241   COMPRESSED   0x00000007   PAD
    0x20000248        -       0x00000258   Zero   RW          259    .bss.aReceiveBuffer  i2c_ex.o
    0x200004a0        -       0x00000001   Zero   RW          373    .bss.button_init_flag  button.o
    0x200004a1        -       0x00000001   Zero   RW          374    .bss.button_update.is_a_long_pressing  button.o
    0x200004a2        -       0x00000001   Zero   RW          375    .bss.button_update.is_b_long_pressing  button.o
    0x200004a3   COMPRESSED   0x00000001   PAD
    0x200004a4        -       0x00000004   Zero   RW          332    .bss.current        u8g2_disp_fun.o
    0x200004a8        -       0x00000001   Zero   RW           47    .bss.cycle_status   main.o
    0x200004a9        -       0x00000001   Zero   RW          315    .bss.dis_status     u8g2_disp_fun.o
    0x200004aa   COMPRESSED   0x00000002   PAD
    0x200004ac        -       0x00000004   Zero   RW           57    .bss.display_after_sleep_time  main.o
    0x200004b0        -       0x00000004   Zero   RW           56    .bss.excute_sleep_delay  main.o
    0x200004b4        -       0x00000001   Zero   RW           55    .bss.excute_sleep_flag  main.o
    0x200004b5        -       0x00000001   Zero   RW           52    .bss.flag_jump_bootloader  main.o
    0x200004b6        -       0x00000020   Zero   RW           40    .bss.flash_data     main.o
    0x200004d6        -       0x00000001   Zero   RW          329    .bss.funIndex       u8g2_disp_fun.o
    0x200004d7   COMPRESSED   0x00000001   PAD
    0x200004d8        -       0x0000002c   Zero   RW          131    .bss.hrtc           rtc.o
    0x20000504        -       0x00000001   Zero   RW          252    .bss.i2c_addr       i2c_ex.o
    0x20000505        -       0x00000001   Zero   RW           39    .bss.i2c_address    main.o
    0x20000506   COMPRESSED   0x00000002   PAD
    0x20000508        -       0x00000004   Zero   RW          257    .bss.i2c_stop_timeout_counter  i2c_ex.o
    0x2000050c        -       0x00000004   Zero   RW           54    .bss.i2c_stop_timeout_delay  main.o
    0x20000510        -       0x00000004   Zero   RW          256    .bss.i2c_stop_timeout_flag  i2c_ex.o
    0x20000514        -       0x00000004   Zero   RW          255    .bss.i2c_timeout_counter  i2c_ex.o
    0x20000518        -       0x00000001   Zero   RW           58    .bss.iap_switch     main.o
    0x20000519   COMPRESSED   0x00000003   PAD
    0x2000051c        -       0x00000018   Zero   RW           61    .bss.ina3221_data   main.o
    0x20000534        -       0x00000004   Zero   RW           31    .bss.ina3221_delay_time  main.o
    0x20000538        -       0x00000018   Zero   RW           60    .bss.ina3221_send_data  main.o
    0x20000550        -       0x00000001   Zero   RW          318    .bss.is_setting     u8g2_disp_fun.o
    0x20000551   COMPRESSED   0x00000003   PAD
    0x20000554        -       0x00000004   Zero   RW           53    .bss.jump_bootloader_timeout  main.o
    0x20000558        -       0x00000001   Zero   RW          130    .bss.led_on_sleep_timeout_flag  rtc.o
    0x20000559   COMPRESSED   0x00000003   PAD
    0x2000055c        -       0x00000010   Zero   RW          376    .bss.my_button_a    button.o
    0x2000056c        -       0x00000010   Zero   RW          377    .bss.my_button_b    button.o
    0x2000057c        -       0x0000000e   Zero   RW          331    .bss.my_disp_num    u8g2_disp_fun.o
    0x2000058a        -       0x0000000c   Zero   RW           59    .bss.my_rtc_data    main.o
    0x20000596        -       0x00000001   Zero   RW          323    .bss.notice_counter  u8g2_disp_fun.o
    0x20000597        -       0x00000001   Zero   RW          322    .bss.notice_flag    u8g2_disp_fun.o
    0x20000598        -       0x00000001   Zero   RW          324    .bss.oled_on_mode   u8g2_disp_fun.o
    0x20000599   COMPRESSED   0x00000003   PAD
    0x2000059c        -       0x0000001c   Zero   RW          605    .bss.pFlash         stm32g0xx_hal_flash.o
    0x200005b8        -       0x00000001   Zero   RW           44    .bss.pin_wake_ctrl_status  main.o
    0x200005b9        -       0x00000001   Zero   RW           41    .bss.power_hold_status  main.o
    0x200005ba        -       0x00000001   Zero   RW           49    .bss.rtc_sleep_time_enable  main.o
    0x200005bb        -       0x00000001   Zero   RW           43    .bss.rtc_wake_ctrl_status  main.o
    0x200005bc        -       0x00000001   Zero   RW           48    .bss.rtc_wake_time_enable  main.o
    0x200005bd        -       0x00000001   Zero   RW           50    .bss.sleep_flag     main.o
    0x200005be   COMPRESSED   0x00000002   PAD
    0x200005c0        -       0x00000258   Zero   RW          258    .bss.tx_buffer      i2c_ex.o
    0x20000818        -       0x00000002   Zero   RW          253    .bss.tx_buffer_index  i2c_ex.o
    0x2000081a        -       0x00000002   Zero   RW          254    .bss.tx_len         i2c_ex.o
    0x2000081c        -       0x00000094   Zero   RW          275    .bss.u8g2           oled_u8g2.o
    0x200008b0        -       0x00000004   Zero   RW          338    .bss.u8g2_disp_main.ab_button_delay  u8g2_disp_fun.o
    0x200008b4        -       0x00000004   Zero   RW          337    .bss.u8g2_disp_main.button_delay  u8g2_disp_fun.o
    0x200008b8        -       0x00000004   Zero   RW          333    .bss.u8g2_disp_main.display_delay  u8g2_disp_fun.o
    0x200008bc        -       0x00000001   Zero   RW          334    .bss.u8g2_disp_main.display_flash_flag  u8g2_disp_fun.o
    0x200008bd        -       0x00000001   Zero   RW          341    .bss.u8g2_disp_main.excute_flag  u8g2_disp_fun.o
    0x200008be        -       0x00000001   Zero   RW          340    .bss.u8g2_disp_main.is_ab_press_init  u8g2_disp_fun.o
    0x200008bf        -       0x00000001   Zero   RW          339    .bss.u8g2_disp_main.is_press_init  u8g2_disp_fun.o
    0x200008c0        -       0x00000004   Zero   RW          335    .bss.u8g2_disp_main.status_flash_counter  u8g2_disp_fun.o
    0x200008c4        -       0x00000001   Zero   RW          336    .bss.u8g2_disp_main.status_flash_flag  u8g2_disp_fun.o
    0x200008c5        -       0x00000001   Zero   RW          343    .bss.u8g2_disp_menu_0_0.setting_index  u8g2_disp_fun.o
    0x200008c6   COMPRESSED   0x00000002   PAD
    0x200008c8        -       0x00000004   Zero   RW          345    .bss.u8g2_disp_menu_1_1.button_delay  u8g2_disp_fun.o
    0x200008cc        -       0x00000004   Zero   RW          347    .bss.u8g2_disp_menu_1_1.display_delay  u8g2_disp_fun.o
    0x200008d0        -       0x00000001   Zero   RW          348    .bss.u8g2_disp_menu_1_1.display_flash_flag  u8g2_disp_fun.o
    0x200008d1        -       0x00000001   Zero   RW          346    .bss.u8g2_disp_menu_1_1.is_press_init  u8g2_disp_fun.o
    0x200008d2        -       0x00000001   Zero   RW          344    .bss.u8g2_disp_menu_1_1.opt_index  u8g2_disp_fun.o
    0x200008d3   COMPRESSED   0x00000001   PAD
    0x200008d4        -       0x00000004   Zero   RW          353    .bss.u8g2_disp_menu_1_4.display_delay  u8g2_disp_fun.o
    0x200008d8        -       0x00000001   Zero   RW          354    .bss.u8g2_disp_menu_1_4.display_flash_flag  u8g2_disp_fun.o
    0x200008d9        -       0x00000001   Zero   RW          352    .bss.u8g2_disp_menu_1_4.opt_index  u8g2_disp_fun.o
    0x200008da        -       0x00000180   Zero   RW         1551    .bss.u8g2_m_8_6_f.buf  u8g2_d_memory.o
    0x20000a5a        -       0x00000002   Zero   RW          250    .bss.ubReceiveIndex  i2c_ex.o
    0x20000a5c        -       0x00000004   Zero   RW          952    .bss.uwTick         stm32g0xx_hal.o
    0x20000a60        -       0x00000001   Zero   RW          321    .bss.work_order     u8g2_disp_fun.o
    0x20000a61   COMPRESSED   0x00000007   PAD
    0x20000a68        -       0x00000400   Zero   RW            1    STACK               startup_stm32g031xx.o


==============================================================================

Image component sizes


      Code (inc. data)   RO Data    RW Data    ZI Data      Debug   Object Name

       680         40          0          1         35       3000   button.o
       244         16          0          0          0       2727   flash.o
       176          4          0          0          0       2195   gpio.o
      1116         80          0          0          0      11874   i2c.o
       636         64          0          0       1219       6560   i2c_ex.o
       200         24          0          4          0       3281   ina3221.o
      3012        336          0          4        123      12515   main.o
       176         28          0          0        148       5792   oled_u8g2.o
      1028         96          0          0         45       8876   rtc.o
        28          8        192          0       1024        596   startup_stm32g031xx.o
       184         24          0          5          4       8511   stm32g0xx_hal.o
       168         24          0          0          0       6857   stm32g0xx_hal_cortex.o
       360         28          0          0         28       5932   stm32g0xx_hal_flash.o
       180          8          0          0          0       7973   stm32g0xx_hal_flash_ex.o
       510         16          0          0          0       4950   stm32g0xx_hal_gpio.o
        40          0          0          0          0       1376   stm32g0xx_hal_msp.o
        92         12          0          0          0       4116   stm32g0xx_hal_pwr.o
        16          0          0          0          0       7377   stm32g0xx_hal_pwr_ex.o
      2302         52          0          0          0      12890   stm32g0xx_hal_rtc.o
         2          0          0          0          0      15952   stm32g0xx_hal_rtc_ex.o
        32          4          0          0          0       1046   stm32g0xx_it.o
       202          0          0          0          0       4253   stm32g0xx_ll_gpio.o
       176         24          0          0          0       4205   stm32g0xx_ll_i2c.o
        12          4          0          0          0       7574   stm32g0xx_ll_utils.o
         2          0          0          4          0       2030   system_stm32g0xx.o
       260          8          0          0          0       7893   u8g2_bitmap.o
        76          0          0          0          0       6896   u8g2_box.o
       126          4          0          0          0       8554   u8g2_buffer.o
        12          4          0          0        384        718   u8g2_d_memory.o
        68         12          0          0          0       5129   u8g2_d_setup.o
     13132       1198        101        361         64      16064   u8g2_disp_fun.o
      1458         24          0          0          0      23981   u8g2_font.o
         0          0      13224          0          0     159257   u8g2_fonts.o
       374          0          0          0          0       6957   u8g2_hvline.o
        96          0          0          0          0       5644   u8g2_intersection.o
       244          0          0          0          0       5518   u8g2_line.o
       164          0          0          0          0       6136   u8g2_ll_hvline.o
       328          4         12          0          0      11528   u8g2_setup.o
        28          4          0          0          0      10242   u8x8_8x8.o
       300         10          0          0          0      11391   u8x8_byte.o
       258          6          0          0          0      12208   u8x8_cad.o
       260         32        101          0          0       3758   u8x8_d_ssd1306_64x48.o
       202          0          0          0          0       5277   u8x8_display.o
        10          0          0          0          0       2357   u8x8_gpio.o
        42          0          0          0          0       3403   u8x8_setup.o

    ----------------------------------------------------------------------
     29042       2198      13666        388       3108     465369   Object Totals
         0          0         32          0          0          0   (incl. Generated)
        30          0          4          9         34          0   (incl. Padding)

    ----------------------------------------------------------------------

      Code (inc. data)   RO Data    RW Data    ZI Data      Debug   Library Member Name

        58          0          0          0          0          0   __dczerorl.o
         0          0          0          0          0          0   entry.o
         0          0          0          0          0          0   entry10a.o
         0          0          0          0          0          0   entry11a.o
         8          4          0          0          0          0   entry2.o
         4          0          0          0          0          0   entry5.o
         0          0          0          0          0          0   entry7b.o
         0          0          0          0          0          0   entry8b.o
         8          4          0          0          0          0   entry9a.o
        30          0          0          0          0          0   handlers.o
        40          0          0          0          0         72   idiv.o
        36          8          0          0          0         68   init.o
         0          0          0          0          0          0   iusefp.o
        32          0          0          0          0         68   llshl.o
        38          0          0          0          0         68   llsshr.o
        34          0          0          0          0         68   llushr.o
        36          0          0          0          0         60   memcpya.o
        36          0          0          0          0        100   memseta.o
      2294         96          0          0          0        472   printfa.o
        44          0          0          0          0         72   uidiv.o
        96          0          0          0          0         84   uldiv.o
        40          2          0          0          0         68   cdrcmple.o
        56          0          0          0          0         68   d2f.o
       356          4          0          0          0        140   dadd.o
       240          6          0          0          0         84   ddiv.o
       236          0          0          0          0        216   depilogue.o
        64         10          0          0          0         68   dfixul.o
        40          6          0          0          0         68   dflti.o
       208          6          0          0          0         88   dmul.o
        40          0          0          0          0         60   f2d.o
       124          0          0          0          0         72   fdiv.o
       130          0          0          0          0        144   fepilogue.o
        50          0          0          0          0         60   ffixi.o
       122          0          0          0          0         72   fmul.o

    ----------------------------------------------------------------------
      4504        146          0          0          0       2340   Library Totals
         4          0          0          0          0          0   (incl. Padding)

    ----------------------------------------------------------------------

      Code (inc. data)   RO Data    RW Data    ZI Data      Debug   Library Name

      2794        112          0          0          0       1132   mc_p.l
      1706         34          0          0          0       1208   mf_p.l

    ----------------------------------------------------------------------
      4504        146          0          0          0       2340   Library Totals

    ----------------------------------------------------------------------

==============================================================================


      Code (inc. data)   RO Data    RW Data    ZI Data      Debug   

     33546       2344      13666        388       3108     466065   Grand Totals
     33546       2344      13666        104       3108     466065   ELF Image Totals (compressed)
     33546       2344      13666        104          0          0   ROM Totals

==============================================================================

    Total RO  Size (Code + RO Data)                47212 (  46.11kB)
    Total RW  Size (RW Data + ZI Data)              3496 (   3.41kB)
    Total ROM Size (Code + RO Data + RW Data)      47316 (  46.21kB)

==============================================================================

